
Allocating common symbols
Common symbol       size              file

rt_svc_descs_indices
                    0x80              ./build/sun50iw1p1/debug/bl31/runtime_svc.o
plat_config         0x20              ./build/sun50iw1p1/debug/bl31/sunxi_common.o
psci_plat_pm_ops    0x8               ./build/sun50iw1p1/debug/bl31/psci_common.o
percpu_data         0x200             ./build/sun50iw1p1/debug/bl31/cpu_data_array.o
serial_ctrl_base    0x8               ./build/sun50iw1p1/debug/bl31/uart.o
psci_spd_pm         0x8               ./build/sun50iw1p1/debug/bl31/psci_common.o

Discarded input sections

 .text          0x0000000000000000        0x0 ./build/sun50iw1p1/debug/bl31/build_message.o
 .data          0x0000000000000000        0x0 ./build/sun50iw1p1/debug/bl31/build_message.o
 .bss           0x0000000000000000        0x0 ./build/sun50iw1p1/debug/bl31/build_message.o
 .text          0x0000000000000000        0x0 ./build/sun50iw1p1/debug/bl31/arm_gic.o
 .data          0x0000000000000000        0x0 ./build/sun50iw1p1/debug/bl31/arm_gic.o
 .bss           0x0000000000000000        0x0 ./build/sun50iw1p1/debug/bl31/arm_gic.o
 .text.arm_gic_interrupt_type_to_line
                0x0000000000000000       0x5c ./build/sun50iw1p1/debug/bl31/arm_gic.o
 .text.arm_gic_get_pending_interrupt_id
                0x0000000000000000       0x60 ./build/sun50iw1p1/debug/bl31/arm_gic.o
 .text.arm_gic_acknowledge_interrupt
                0x0000000000000000       0x40 ./build/sun50iw1p1/debug/bl31/arm_gic.o
 .text.arm_gic_end_of_interrupt
                0x0000000000000000       0x40 ./build/sun50iw1p1/debug/bl31/arm_gic.o
 .text.arm_gic_get_interrupt_type
                0x0000000000000000       0x50 ./build/sun50iw1p1/debug/bl31/arm_gic.o
 .rodata.__func__.2215
                0x0000000000000000       0x1f ./build/sun50iw1p1/debug/bl31/arm_gic.o
 .rodata.__func__.2225
                0x0000000000000000       0x21 ./build/sun50iw1p1/debug/bl31/arm_gic.o
 .rodata.__func__.2229
                0x0000000000000000       0x1e ./build/sun50iw1p1/debug/bl31/arm_gic.o
 .rodata.__func__.2233
                0x0000000000000000       0x19 ./build/sun50iw1p1/debug/bl31/arm_gic.o
 .rodata.__func__.2238
                0x0000000000000000       0x1b ./build/sun50iw1p1/debug/bl31/arm_gic.o
 .rodata.arm_gic_interrupt_type_to_line.str1.1
                0x0000000000000000       0x6c ./build/sun50iw1p1/debug/bl31/arm_gic.o
 .text          0x0000000000000000        0x0 ./build/sun50iw1p1/debug/bl31/gic_v2.o
 .data          0x0000000000000000        0x0 ./build/sun50iw1p1/debug/bl31/gic_v2.o
 .bss           0x0000000000000000        0x0 ./build/sun50iw1p1/debug/bl31/gic_v2.o
 .text.gicd_read_isenabler
                0x0000000000000000       0x14 ./build/sun50iw1p1/debug/bl31/gic_v2.o
 .text.gicd_read_icenabler
                0x0000000000000000       0x14 ./build/sun50iw1p1/debug/bl31/gic_v2.o
 .text.gicd_read_ispendr
                0x0000000000000000       0x14 ./build/sun50iw1p1/debug/bl31/gic_v2.o
 .text.gicd_read_icpendr
                0x0000000000000000       0x14 ./build/sun50iw1p1/debug/bl31/gic_v2.o
 .text.gicd_read_isactiver
                0x0000000000000000       0x14 ./build/sun50iw1p1/debug/bl31/gic_v2.o
 .text.gicd_read_icactiver
                0x0000000000000000       0x14 ./build/sun50iw1p1/debug/bl31/gic_v2.o
 .text.gicd_read_ipriorityr
                0x0000000000000000       0x14 ./build/sun50iw1p1/debug/bl31/gic_v2.o
 .text.gicd_read_itargetsr
                0x0000000000000000       0x14 ./build/sun50iw1p1/debug/bl31/gic_v2.o
 .text.gicd_read_icfgr
                0x0000000000000000       0x14 ./build/sun50iw1p1/debug/bl31/gic_v2.o
 .text.gicd_read_cpendsgir
                0x0000000000000000       0x14 ./build/sun50iw1p1/debug/bl31/gic_v2.o
 .text.gicd_read_spendsgir
                0x0000000000000000       0x14 ./build/sun50iw1p1/debug/bl31/gic_v2.o
 .text.gicd_write_icenabler
                0x0000000000000000       0x14 ./build/sun50iw1p1/debug/bl31/gic_v2.o
 .text.gicd_write_ispendr
                0x0000000000000000       0x14 ./build/sun50iw1p1/debug/bl31/gic_v2.o
 .text.gicd_write_icpendr
                0x0000000000000000       0x14 ./build/sun50iw1p1/debug/bl31/gic_v2.o
 .text.gicd_write_isactiver
                0x0000000000000000       0x14 ./build/sun50iw1p1/debug/bl31/gic_v2.o
 .text.gicd_write_icactiver
                0x0000000000000000       0x14 ./build/sun50iw1p1/debug/bl31/gic_v2.o
 .text.gicd_write_ipriorityr
                0x0000000000000000       0x14 ./build/sun50iw1p1/debug/bl31/gic_v2.o
 .text.gicd_write_itargetsr
                0x0000000000000000       0x14 ./build/sun50iw1p1/debug/bl31/gic_v2.o
 .text.gicd_write_icfgr
                0x0000000000000000       0x14 ./build/sun50iw1p1/debug/bl31/gic_v2.o
 .text.gicd_write_cpendsgir
                0x0000000000000000       0x14 ./build/sun50iw1p1/debug/bl31/gic_v2.o
 .text.gicd_write_spendsgir
[...]
Memory Configuration

Name             Origin             Length             Attributes
RAM              0x0000000000044000 0x0000000000010000 xrw
*default*        0x0000000000000000 0xffffffffffffffff

Linker script and memory map

                0x0000000000044000                . = 0x44000
                0x0000000000000001                ASSERT ((. == ALIGN (0x1000)), BL31_BASE address is not aligned on a page boundary.)

ro              0x0000000000044000     0x8000
                0x0000000000044000                __RO_START__ = .
 *bl31_entrypoint.o(.text*)
 .text          0x0000000000044000        0x0 ./build/sun50iw1p1/debug/bl31/bl31_entrypoint.o
 .text.bl31_entrypoint
                0x0000000000044000       0xc0 ./build/sun50iw1p1/debug/bl31/bl31_entrypoint.o
                0x0000000000044000                bl31_entrypoint
 *(.text*)
 .text.arm_gic_cpuif_setup
                0x00000000000440c0      0x11c ./build/sun50iw1p1/debug/bl31/arm_gic.o
                0x00000000000440c0                arm_gic_cpuif_setup
 .text.arm_gic_cpuif_deactivate
                0x00000000000441dc       0xc4 ./build/sun50iw1p1/debug/bl31/arm_gic.o
                0x00000000000441dc                arm_gic_cpuif_deactivate
 .text.arm_gic_pcpu_distif_setup
                0x00000000000442a0       0xe4 ./build/sun50iw1p1/debug/bl31/arm_gic.o
                0x00000000000442a0                arm_gic_pcpu_distif_setup
 .text.arm_gic_init
                0x0000000000044384       0x8c ./build/sun50iw1p1/debug/bl31/arm_gic.o
                0x0000000000044384                arm_gic_init
 .text.arm_gic_setup
                0x0000000000044410      0x154 ./build/sun50iw1p1/debug/bl31/arm_gic.o
                0x0000000000044410                arm_gic_setup
 .text.arm_gic_get_pending_interrupt_type
                0x0000000000044564       0x5c ./build/sun50iw1p1/debug/bl31/arm_gic.o
                0x0000000000044564                arm_gic_get_pending_interrupt_type
 .text.gicd_read_igroupr
                0x00000000000445c0       0x14 ./build/sun50iw1p1/debug/bl31/gic_v2.o
                0x00000000000445c0                gicd_read_igroupr
 .text.gicd_write_igroupr
                0x00000000000445d4       0x14 ./build/sun50iw1p1/debug/bl31/gic_v2.o
                0x00000000000445d4                gicd_write_igroupr
 .text.gicd_write_isenabler
                0x00000000000445e8       0x14 ./build/sun50iw1p1/debug/bl31/gic_v2.o
                0x00000000000445e8                gicd_write_isenabler
 .text.gicd_get_igroupr
                0x00000000000445fc       0x20 ./build/sun50iw1p1/debug/bl31/gic_v2.o
                0x00000000000445fc                gicd_get_igroupr
 .text.gicd_clr_igroupr
                0x000000000004461c       0x30 ./build/sun50iw1p1/debug/bl31/gic_v2.o
                0x000000000004461c                gicd_clr_igroupr
 .text.gicd_set_isenabler
                0x000000000004464c        0xc ./build/sun50iw1p1/debug/bl31/gic_v2.o
                0x000000000004464c                gicd_set_isenabler
 .text.gicd_set_ipriorityr
                0x0000000000044658       0x88 ./build/sun50iw1p1/debug/bl31/gic_v2.o
                0x0000000000044658                gicd_set_ipriorityr
 .text.gicd_set_itargetsr
                0x00000000000446e0       0x2c ./build/sun50iw1p1/debug/bl31/gic_v2.o
                0x00000000000446e0                gicd_set_itargetsr
 .text.gicv3_get_rdist
                0x000000000004470c       0x48 ./build/sun50iw1p1/debug/bl31/gic_v3.o
                0x000000000004470c                gicv3_get_rdist
 .text.plat_ic_get_pending_interrupt_type
                0x0000000000044754        0x4 ./build/sun50iw1p1/debug/bl31/plat_gic.o
                0x0000000000044754                plat_ic_get_pending_interrupt_type
 .text.bl31_plat_get_next_image_ep_info
                0x0000000000044758       0x54 ./build/sun50iw1p1/debug/bl31/bl31_sunxi_setup.o
                0x0000000000044758                bl31_plat_get_next_image_ep_info
 .text.bl31_early_platform_setup
                0x00000000000447ac      0x128 ./build/sun50iw1p1/debug/bl31/bl31_sunxi_setup.o
                0x00000000000447ac                bl31_early_platform_setup
 .text.bl31_platform_setup
                0x00000000000448d4       0xa8 ./build/sun50iw1p1/debug/bl31/bl31_sunxi_setup.o
                0x00000000000448d4                bl31_platform_setup
 .text.bl31_plat_arch_setup
                0x000000000004497c       0x3c ./build/sun50iw1p1/debug/bl31/bl31_sunxi_setup.o
                0x000000000004497c                bl31_plat_arch_setup
 .text.sunxi_affinst_standby
                0x00000000000449b8       0x34 ./build/sun50iw1p1/debug/bl31/plat_pm.o
                0x00000000000449b8                sunxi_affinst_standby
 .text.sunxi_affinst_on
                0x00000000000449ec       0x48 ./build/sun50iw1p1/debug/bl31/plat_pm.o
                0x00000000000449ec                sunxi_affinst_on
 .text.sunxi_system_reset
                0x0000000000044a34       0x40 ./build/sun50iw1p1/debug/bl31/plat_pm.o
 .text.sunxi_system_off
                0x0000000000044a74       0x30 ./build/sun50iw1p1/debug/bl31/plat_pm.o
 .text.sunxi_core_power_down_wfi
                0x0000000000044aa4        0xc ./build/sun50iw1p1/debug/bl31/plat_pm.o
 .text.sunxi_do_plat_actions
                0x0000000000044ab0       0x9c ./build/sun50iw1p1/debug/bl31/plat_pm.o
 .text.sunxi_affinst_off
                0x0000000000044b4c       0x2c ./build/sun50iw1p1/debug/bl31/plat_pm.o
 .text.sunxi_affinst_on_finish
                0x0000000000044b78       0x34 ./build/sun50iw1p1/debug/bl31/plat_pm.o
                0x0000000000044b78                sunxi_affinst_on_finish
 .text.sunxi_affinst_suspend_finish
                0x0000000000044bac       0x8c ./build/sun50iw1p1/debug/bl31/plat_pm.o
 .text.sunxi_affinst_suspend
                0x0000000000044c38       0x48 ./build/sun50iw1p1/debug/bl31/plat_pm.o
 .text.platform_setup_pm
                0x0000000000044c80       0x2c ./build/sun50iw1p1/debug/bl31/plat_pm.o
                0x0000000000044c80                platform_setup_pm
 .text.sunxi_security_setup
                0x0000000000044cac       0x68 ./build/sun50iw1p1/debug/bl31/sunxi_security.o
                0x0000000000044cac                sunxi_security_setup
 .text.sunxi_pmic_read
                0x0000000000044d14       0x70 ./build/sun50iw1p1/debug/bl31/sunxi_power.o
                0x0000000000044d14                sunxi_pmic_read
 .text.sunxi_pmic_write
                0x0000000000044d84       0x64 ./build/sun50iw1p1/debug/bl31/sunxi_power.o
                0x0000000000044d84                sunxi_pmic_write
 .text.sunxi_pmic_setup
                0x0000000000044de8      0x3d8 ./build/sun50iw1p1/debug/bl31/sunxi_power.o
                0x0000000000044de8                sunxi_pmic_setup
 .text.sun50i_power_switch_set.part.0
                0x00000000000451c0       0x88 ./build/sun50iw1p1/debug/bl31/sunxi_cpu_ops.o
 .text.udelay   0x0000000000045248       0x18 ./build/sun50iw1p1/debug/bl31/sunxi_cpu_ops.o
                0x0000000000045248                udelay
 .text.sun50i_set_secondary_entry
                0x0000000000045260       0x28 ./build/sun50iw1p1/debug/bl31/sunxi_cpu_ops.o
                0x0000000000045260                sun50i_set_secondary_entry
 .text.sun50i_set_AA32nAA64
                0x0000000000045288       0x54 ./build/sun50iw1p1/debug/bl31/sunxi_cpu_ops.o
                0x0000000000045288                sun50i_set_AA32nAA64
 .text.sun50i_power_switch_set
                0x00000000000452dc       0x68 ./build/sun50iw1p1/debug/bl31/sunxi_cpu_ops.o
                0x00000000000452dc                sun50i_power_switch_set
 .text.sun50i_cpu_power_up
                0x0000000000045344      0x110 ./build/sun50iw1p1/debug/bl31/sunxi_cpu_ops.o
                0x0000000000045344                sun50i_cpu_power_up
 .text.sun50i_cpu_power_down
                0x0000000000045454       0xb0 ./build/sun50iw1p1/debug/bl31/sunxi_cpu_ops.o
                0x0000000000045454                sun50i_cpu_power_down
 .text.plat_get_aff_count
                0x0000000000045504       0x10 ./build/sun50iw1p1/debug/bl31/plat_topology.o
                0x0000000000045504                plat_get_aff_count
 .text.plat_get_aff_state
                0x0000000000045514        0xc ./build/sun50iw1p1/debug/bl31/plat_topology.o
                0x0000000000045514                plat_get_aff_state
 .text.plat_get_max_afflvl
                0x0000000000045520        0x8 ./build/sun50iw1p1/debug/bl31/plat_topology.o
                0x0000000000045520                plat_get_max_afflvl
 .text.plat_setup_topology
                0x0000000000045528        0x8 ./build/sun50iw1p1/debug/bl31/plat_topology.o
                0x0000000000045528                plat_setup_topology
 .text.sunxi_setup_clocks
                0x0000000000045530       0xc4 ./build/sun50iw1p1/debug/bl31/sunxi_clocks.o
                0x0000000000045530                sunxi_setup_clocks
 .text.sunxi_plat_sip_handler
                0x00000000000455f4       0x40 ./build/sun50iw1p1/debug/bl31/sunxi_sip_svc.o
                0x00000000000455f4                sunxi_plat_sip_handler
 .text.sunxi_sip_handler
                0x0000000000045634       0x2c ./build/sun50iw1p1/debug/bl31/sunxi_sip_svc.o
                0x0000000000045634                sunxi_sip_handler
 .text.sip_smc_handler
                0x0000000000045660       0x78 ./build/sun50iw1p1/debug/bl31/sunxi_sip_svc.o
                0x0000000000045660                sip_smc_handler
 .text.sunxi_configure_mmu_el3
                0x00000000000456d8       0x7c ./build/sun50iw1p1/debug/bl31/sunxi_common.o
                0x00000000000456d8                sunxi_configure_mmu_el3
 .text.plat_get_ns_image_entrypoint
                0x0000000000045754        0x8 ./build/sun50iw1p1/debug/bl31/sunxi_common.o
                0x0000000000045754                plat_get_ns_image_entrypoint
 .text.plat_get_syscnt_freq
                0x000000000004575c        0xc ./build/sun50iw1p1/debug/bl31/sunxi_common.o
                0x000000000004575c                plat_get_syscnt_freq
 .text.sunxi_get_spsr_for_bl33_entry
                0x0000000000045768       0x54 ./build/sun50iw1p1/debug/bl31/sunxi_common.o
                0x0000000000045768                sunxi_get_spsr_for_bl33_entry
 .text.sunxi_get_socid
                0x00000000000457bc       0x28 ./build/sun50iw1p1/debug/bl31/sunxi_common.o
                0x00000000000457bc                sunxi_get_socid
 .text.get_dt_name
                0x00000000000457e4       0x58 ./build/sun50iw1p1/debug/bl31/sunxi_common.o
                0x00000000000457e4                get_dt_name
 .text.bl31_prepare_next_image_entry
                0x000000000004583c       0xc0 ./build/sun50iw1p1/debug/bl31/bl31_main.o
                0x000000000004583c                bl31_prepare_next_image_entry
 .text.bl31_main
                0x00000000000458fc       0x84 ./build/sun50iw1p1/debug/bl31/bl31_main.o
                0x00000000000458fc                bl31_main
 .text.cm_get_context
                0x0000000000045980       0x3c ./build/sun50iw1p1/debug/bl31/context_mgmt.o
 .text.cm_set_next_context
                0x00000000000459bc       0x40 ./build/sun50iw1p1/debug/bl31/context_mgmt.o
 .text.cm_init  0x00000000000459fc        0x4 ./build/sun50iw1p1/debug/bl31/context_mgmt.o
                0x00000000000459fc                cm_init
 .text.cm_get_context_by_mpidr
                0x0000000000045a00       0x4c ./build/sun50iw1p1/debug/bl31/context_mgmt.o
                0x0000000000045a00                cm_get_context_by_mpidr
 .text.cm_set_context_by_mpidr
                0x0000000000045a4c       0x50 ./build/sun50iw1p1/debug/bl31/context_mgmt.o
                0x0000000000045a4c                cm_set_context_by_mpidr
 .text.cm_init_context
                0x0000000000045a9c      0x110 ./build/sun50iw1p1/debug/bl31/context_mgmt.o
                0x0000000000045a9c                cm_init_context
 .text.cm_prepare_el3_exit
                0x0000000000045bac       0xc4 ./build/sun50iw1p1/debug/bl31/context_mgmt.o
                0x0000000000045bac                cm_prepare_el3_exit
 .text.runtime_svc_init
                0x0000000000045c70      0x140 ./build/sun50iw1p1/debug/bl31/runtime_svc.o
                0x0000000000045c70                runtime_svc_init
 .text.get_scr_el3_from_routing_model
                0x0000000000045db0       0x60 ./build/sun50iw1p1/debug/bl31/interrupt_mgmt.o
                0x0000000000045db0                get_scr_el3_from_routing_model
 .text.get_interrupt_type_handler
                0x0000000000045e10       0x34 ./build/sun50iw1p1/debug/bl31/interrupt_mgmt.o
                0x0000000000045e10                get_interrupt_type_handler
 .text.bl31_arch_setup
                0x0000000000045e44       0x20 ./build/sun50iw1p1/debug/bl31/bl31_arch_setup.o
                0x0000000000045e44                bl31_arch_setup
 .text.bakery_lock_init
                0x0000000000045e64       0x54 ./build/sun50iw1p1/debug/bl31/bakery_lock.o
                0x0000000000045e64                bakery_lock_init
 .text.bakery_lock_get
                0x0000000000045eb8      0x12c ./build/sun50iw1p1/debug/bl31/bakery_lock.o
                0x0000000000045eb8                bakery_lock_get
 .text.bakery_lock_release
                0x0000000000045fe4       0x90 ./build/sun50iw1p1/debug/bl31/bakery_lock.o
                0x0000000000045fe4                bakery_lock_release
 .text.std_svc_setup
                0x0000000000046074        0x4 ./build/sun50iw1p1/debug/bl31/std_svc_setup.o
 .text.std_svc_smc_handler
                0x0000000000046078       0xb0 ./build/sun50iw1p1/debug/bl31/std_svc_setup.o
                0x0000000000046078                std_svc_smc_handler
 .text.psci_afflvl2_off
                0x0000000000046128       0x98 ./build/sun50iw1p1/debug/bl31/psci_afflvl_off.o
 .text.psci_afflvl1_off
                0x00000000000461c0       0x98 ./build/sun50iw1p1/debug/bl31/psci_afflvl_off.o
 .text.psci_afflvl0_off
                0x0000000000046258       0xbc ./build/sun50iw1p1/debug/bl31/psci_afflvl_off.o
 .text.psci_afflvl_off
                0x0000000000046314      0x118 ./build/sun50iw1p1/debug/bl31/psci_afflvl_off.o
                0x0000000000046314                psci_afflvl_off
 .text.psci_afflvl0_on
                0x000000000004642c      0x13c ./build/sun50iw1p1/debug/bl31/psci_afflvl_on.o
 .text.psci_afflvl0_on_finish
                0x0000000000046568       0xd0 ./build/sun50iw1p1/debug/bl31/psci_afflvl_on.o
 .text.psci_afflvl2_on
                0x0000000000046638       0xa8 ./build/sun50iw1p1/debug/bl31/psci_afflvl_on.o
 .text.psci_afflvl1_on
                0x00000000000466e0       0xa8 ./build/sun50iw1p1/debug/bl31/psci_afflvl_on.o
 .text.psci_afflvl2_on_finish
                0x0000000000046788       0x80 ./build/sun50iw1p1/debug/bl31/psci_afflvl_on.o
 .text.psci_afflvl1_on_finish
                0x0000000000046808       0x80 ./build/sun50iw1p1/debug/bl31/psci_afflvl_on.o
 .text.psci_afflvl_on
                0x0000000000046888       0xec ./build/sun50iw1p1/debug/bl31/psci_afflvl_on.o
                0x0000000000046888                psci_afflvl_on
 .text.psci_afflvl2_suspend_finish
                0x0000000000046974       0x8c ./build/sun50iw1p1/debug/bl31/psci_afflvl_suspend.o
 .text.psci_afflvl1_suspend_finish
                0x0000000000046a00       0x8c ./build/sun50iw1p1/debug/bl31/psci_afflvl_suspend.o
 .text.psci_afflvl2_suspend
                0x0000000000046a8c       0xac ./build/sun50iw1p1/debug/bl31/psci_afflvl_suspend.o
 .text.psci_afflvl1_suspend
                0x0000000000046b38       0xa4 ./build/sun50iw1p1/debug/bl31/psci_afflvl_suspend.o
 .text.psci_set_suspend_power_state
                0x0000000000046bdc       0x18 ./build/sun50iw1p1/debug/bl31/psci_afflvl_suspend.o
                0x0000000000046bdc                psci_set_suspend_power_state
 .text.psci_afflvl0_suspend
                0x0000000000046bf4      0x104 ./build/sun50iw1p1/debug/bl31/psci_afflvl_suspend.o
 .text.psci_get_suspend_afflvl
                0x0000000000046cf8       0x18 ./build/sun50iw1p1/debug/bl31/psci_afflvl_suspend.o
                0x0000000000046cf8                psci_get_suspend_afflvl
 .text.psci_afflvl0_suspend_finish
                0x0000000000046d10      0x100 ./build/sun50iw1p1/debug/bl31/psci_afflvl_suspend.o
 .text.psci_afflvl_suspend
                0x0000000000046e10      0x138 ./build/sun50iw1p1/debug/bl31/psci_afflvl_suspend.o
                0x0000000000046e10                psci_afflvl_suspend
 .text.psci_set_max_phys_off_afflvl
                0x0000000000046f48       0x18 ./build/sun50iw1p1/debug/bl31/psci_common.o
                0x0000000000046f48                psci_set_max_phys_off_afflvl
 .text.psci_get_max_phys_off_afflvl
                0x0000000000046f60       0x28 ./build/sun50iw1p1/debug/bl31/psci_common.o
                0x0000000000046f60                psci_get_max_phys_off_afflvl
 .text.get_max_afflvl
                0x0000000000046f88       0x3c ./build/sun50iw1p1/debug/bl31/psci_common.o
                0x0000000000046f88                get_max_afflvl
 .text.mpidr_set_aff_inst
                0x0000000000046fc4       0x70 ./build/sun50iw1p1/debug/bl31/psci_common.o
                0x0000000000046fc4                mpidr_set_aff_inst
 .text.psci_check_afflvl_range
                0x0000000000047034       0x24 ./build/sun50iw1p1/debug/bl31/psci_common.o
                0x0000000000047034                psci_check_afflvl_range
 .text.psci_acquire_afflvl_locks
                0x0000000000047058       0x4c ./build/sun50iw1p1/debug/bl31/psci_common.o
                0x0000000000047058                psci_acquire_afflvl_locks
 .text.psci_release_afflvl_locks
                0x00000000000470a4       0x4c ./build/sun50iw1p1/debug/bl31/psci_common.o
                0x00000000000470a4                psci_release_afflvl_locks
 .text.psci_validate_mpidr
                0x00000000000470f0       0x30 ./build/sun50iw1p1/debug/bl31/psci_common.o
                0x00000000000470f0                psci_validate_mpidr
 .text.psci_save_ns_entry
                0x0000000000047120       0xe4 ./build/sun50iw1p1/debug/bl31/psci_common.o
                0x0000000000047120                psci_save_ns_entry
 .text.psci_get_state
                0x0000000000047204       0x54 ./build/sun50iw1p1/debug/bl31/psci_common.o
                0x0000000000047204                psci_get_state
 .text.get_power_on_target_afflvl
                0x0000000000047258       0x80 ./build/sun50iw1p1/debug/bl31/psci_common.o
                0x0000000000047258                get_power_on_target_afflvl
 .text.psci_set_state
                0x00000000000472d8       0xa0 ./build/sun50iw1p1/debug/bl31/psci_common.o
                0x00000000000472d8                psci_set_state
 .text.psci_do_afflvl_state_mgmt
                0x0000000000047378       0x50 ./build/sun50iw1p1/debug/bl31/psci_common.o
                0x0000000000047378                psci_do_afflvl_state_mgmt
 .text.psci_get_phys_state
                0x00000000000473c8       0x1c ./build/sun50iw1p1/debug/bl31/psci_common.o
                0x00000000000473c8                psci_get_phys_state
 .text.psci_find_max_phys_off_afflvl
                0x00000000000473e4       0x5c ./build/sun50iw1p1/debug/bl31/psci_common.o
                0x00000000000473e4                psci_find_max_phys_off_afflvl
 .text.psci_afflvl_power_on_finish
                0x0000000000047440      0x108 ./build/sun50iw1p1/debug/bl31/psci_common.o
                0x0000000000047440                psci_afflvl_power_on_finish
 .text.psci_print_affinity_map
                0x0000000000047548       0x7c ./build/sun50iw1p1/debug/bl31/psci_common.o
                0x0000000000047548                psci_print_affinity_map
 .text.psci_cpu_on
                0x00000000000475c4       0x60 ./build/sun50iw1p1/debug/bl31/psci_main.o
                0x00000000000475c4                psci_cpu_on
 .text.psci_cpu_suspend
                0x0000000000047624       0xd8 ./build/sun50iw1p1/debug/bl31/psci_main.o
                0x0000000000047624                psci_cpu_suspend
 .text.psci_cpu_off
                0x00000000000476fc       0x68 ./build/sun50iw1p1/debug/bl31/psci_main.o
                0x00000000000476fc                psci_cpu_off
 .text.psci_affinity_info
                0x0000000000047764       0x5c ./build/sun50iw1p1/debug/bl31/psci_main.o
                0x0000000000047764                psci_affinity_info
 .text.psci_smc_handler
                0x00000000000477c0      0x104 ./build/sun50iw1p1/debug/bl31/psci_main.o
                0x00000000000477c0                psci_smc_handler
 .text.psci_init_aff_map
                0x00000000000478c4      0x1e0 ./build/sun50iw1p1/debug/bl31/psci_setup.o
 .text.psci_get_aff_map_node
                0x0000000000047aa4       0x98 ./build/sun50iw1p1/debug/bl31/psci_setup.o
                0x0000000000047aa4                psci_get_aff_map_node
 .text.psci_get_aff_map_nodes
                0x0000000000047b3c       0x94 ./build/sun50iw1p1/debug/bl31/psci_setup.o
                0x0000000000047b3c                psci_get_aff_map_nodes
 .text.psci_setup
                0x0000000000047bd0      0x130 ./build/sun50iw1p1/debug/bl31/psci_setup.o
                0x0000000000047bd0                psci_setup
 .text.psci_system_off
                0x0000000000047d00       0x58 ./build/sun50iw1p1/debug/bl31/psci_system_off.o
                0x0000000000047d00                psci_system_off
 .text.psci_system_reset
                0x0000000000047d58       0x58 ./build/sun50iw1p1/debug/bl31/psci_system_off.o
                0x0000000000047d58                psci_system_reset
 .text.unsigned_num_print
                0x0000000000047db0       0x74 ./build/sun50iw1p1/debug/bl31/tf_printf.o
 .text.tf_printf
                0x0000000000047e24      0x2d0 ./build/sun50iw1p1/debug/bl31/tf_printf.o
                0x0000000000047e24                tf_printf
 .text.__assert
                0x00000000000480f4       0x1c ./build/sun50iw1p1/debug/bl31/std.o
                0x00000000000480f4                __assert
 .text.memset   0x0000000000048110       0x1c ./build/sun50iw1p1/debug/bl31/std.o
                0x0000000000048110                memset
 .text.memcpy   0x000000000004812c       0x20 ./build/sun50iw1p1/debug/bl31/std.o
                0x000000000004812c                memcpy
 .text.memmove  0x000000000004814c       0x48 ./build/sun50iw1p1/debug/bl31/std.o
                0x000000000004814c                memmove
 .text.putchar  0x0000000000048194       0x2c ./build/sun50iw1p1/debug/bl31/std.o
                0x0000000000048194                putchar
 .text.strcmp   0x00000000000481c0       0x2c ./build/sun50iw1p1/debug/bl31/std.o
                0x00000000000481c0                strcmp
 .text.init_xlation_table
                0x00000000000481ec      0x1e8 ./build/sun50iw1p1/debug/bl31/xlat_tables.o
 .text.mmap_add_region
                0x00000000000483d4      0x12c ./build/sun50iw1p1/debug/bl31/xlat_tables.o
                0x00000000000483d4                mmap_add_region
 .text.mmap_add
                0x0000000000048500       0x38 ./build/sun50iw1p1/debug/bl31/xlat_tables.o
                0x0000000000048500                mmap_add
 .text.init_xlat_tables
                0x0000000000048538       0xe0 ./build/sun50iw1p1/debug/bl31/xlat_tables.o
                0x0000000000048538                init_xlat_tables
 .text.enable_mmu_el3
                0x0000000000048618       0xb8 ./build/sun50iw1p1/debug/bl31/xlat_tables.o
                0x0000000000048618                enable_mmu_el3
 .text.bl31_plat_enable_mmu
                0x00000000000486d0        0x4 ./build/sun50iw1p1/debug/bl31/plat_common.o
                0x00000000000486d0                bl31_plat_enable_mmu
 .text.sunxi_serial_init
                0x00000000000486d4       0x9c ./build/sun50iw1p1/debug/bl31/uart.o
                0x00000000000486d4                sunxi_serial_init
 .text.sunxi_serial_putc
                0x0000000000048770       0x2c ./build/sun50iw1p1/debug/bl31/uart.o
                0x0000000000048770                sunxi_serial_putc
 .text.console_init
                0x000000000004879c       0x1c ./build/sun50iw1p1/debug/bl31/uart.o
                0x000000000004879c                console_init
 .text.console_exit
                0x00000000000487b8       0x14 ./build/sun50iw1p1/debug/bl31/uart.o
                0x00000000000487b8                console_exit
 .text.console_putc
                0x00000000000487cc       0x18 ./build/sun50iw1p1/debug/bl31/uart.o
                0x00000000000487cc                console_putc
 .text.cortex_a53_disable_dcache
                0x00000000000487e4       0x14 ./build/sun50iw1p1/debug/bl31/cortex_a53.o
 .text.cortex_a53_disable_smp
                0x00000000000487f8       0x18 ./build/sun50iw1p1/debug/bl31/cortex_a53.o
 .text.cortex_a53_core_pwr_dwn
                0x0000000000048810       0x18 ./build/sun50iw1p1/debug/bl31/cortex_a53.o
 .text.cortex_a53_cluster_pwr_dwn
                0x0000000000048828       0x1c ./build/sun50iw1p1/debug/bl31/cortex_a53.o
 .text.cortex_a53_cpu_reg_dump
                0x0000000000048844        0xc ./build/sun50iw1p1/debug/bl31/cortex_a53.o
 .text.platform_get_stack
                0x0000000000048850       0x20 ./build/sun50iw1p1/debug/bl31/platform_mp_stack.o
                0x0000000000048850                platform_get_stack
 .text.platform_set_stack
                0x0000000000048870       0x10 ./build/sun50iw1p1/debug/bl31/platform_mp_stack.o
                0x0000000000048870                platform_set_stack
 .text.platform_smp_init
                0x0000000000048880       0x30 ./build/sun50iw1p1/debug/bl31/plat_helpers.o
                0x0000000000048880                platform_smp_init
                0x00000000000488b0                plat_crash_console_putc
 .text.plat_crash_console_init
                0x00000000000488b0        0x8 ./build/sun50iw1p1/debug/bl31/plat_helpers.o
                0x00000000000488b0                plat_crash_console_init
 .text.el1_sysregs_context_restore
                0x00000000000488b8       0xb4 ./build/sun50iw1p1/debug/bl31/context.o
                0x00000000000488b8                el1_sysregs_context_restore
 .text.init_cpu_data_ptr
                0x000000000004896c       0x14 ./build/sun50iw1p1/debug/bl31/cpu_data.o
                0x000000000004896c                init_cpu_data_ptr
 .text._cpu_data_by_mpidr
                0x0000000000048980       0x10 ./build/sun50iw1p1/debug/bl31/cpu_data.o
                0x0000000000048980                _cpu_data_by_mpidr
 .text._cpu_data_by_index
                0x0000000000048990        0xc ./build/sun50iw1p1/debug/bl31/cpu_data.o
                0x0000000000048990                _cpu_data_by_index
 .text.smc_handler
                0x000000000004899c       0xd8 ./build/sun50iw1p1/debug/bl31/runtime_exceptions.o
                0x0000000000048a34                el3_exit
 .text.save_gp_registers
                0x0000000000048a74       0x48 ./build/sun50iw1p1/debug/bl31/runtime_exceptions.o
 .text.restore_gp_registers_eret
                0x0000000000048abc       0x48 ./build/sun50iw1p1/debug/bl31/runtime_exceptions.o
 .text.print_newline
                0x0000000000048b04        0x8 ./build/sun50iw1p1/debug/bl31/crash_reporting.o
 .text.size_controlled_print
                0x0000000000048b0c       0x4c ./build/sun50iw1p1/debug/bl31/crash_reporting.o
 .text.str_in_crash_buf_print
                0x0000000000048b58       0x18 ./build/sun50iw1p1/debug/bl31/crash_reporting.o
 .text.report_unhandled_exception
                0x0000000000048b70       0x28 ./build/sun50iw1p1/debug/bl31/crash_reporting.o
                0x0000000000048b70                report_unhandled_exception
 .text.report_unhandled_interrupt
                0x0000000000048b98       0x28 ./build/sun50iw1p1/debug/bl31/crash_reporting.o
                0x0000000000048b98                report_unhandled_interrupt
 .text.el3_panic
                0x0000000000048bc0       0x2c ./build/sun50iw1p1/debug/bl31/crash_reporting.o
                0x0000000000048bc0                el3_panic
 .text.do_crash_reporting
                0x0000000000048bec      0x1b0 ./build/sun50iw1p1/debug/bl31/crash_reporting.o
 .text.crash_panic
                0x0000000000048d9c        0x4 ./build/sun50iw1p1/debug/bl31/crash_reporting.o
 .text.prepare_core_pwr_dwn
                0x0000000000048da0       0x24 ./build/sun50iw1p1/debug/bl31/cpu_helpers.o
                0x0000000000048da0                prepare_core_pwr_dwn
 .text.prepare_cluster_pwr_dwn
                0x0000000000048dc4       0x24 ./build/sun50iw1p1/debug/bl31/cpu_helpers.o
                0x0000000000048dc4                prepare_cluster_pwr_dwn
 .text.init_cpu_ops
                0x0000000000048de8       0x34 ./build/sun50iw1p1/debug/bl31/cpu_helpers.o
                0x0000000000048de8                init_cpu_ops
 .text.do_cpu_reg_dump
                0x0000000000048e1c       0x20 ./build/sun50iw1p1/debug/bl31/cpu_helpers.o
                0x0000000000048e1c                do_cpu_reg_dump
 .text.get_cpu_ops_ptr
                0x0000000000048e3c       0x3c ./build/sun50iw1p1/debug/bl31/cpu_helpers.o
                0x0000000000048e3c                get_cpu_ops_ptr
 .text.psci_aff_on_finish_entry
                0x0000000000048e78       0x64 ./build/sun50iw1p1/debug/bl31/psci_entry.o
                0x0000000000048e78                psci_aff_on_finish_entry
                0x0000000000048e80                psci_aff_suspend_finish_entry
 .text.psci_power_down_wfi
                0x0000000000048edc        0xc ./build/sun50iw1p1/debug/bl31/psci_entry.o
                0x0000000000048edc                psci_power_down_wfi
 .text.psci_do_pwrdown_cache_maintenance
                0x0000000000048ee8       0x74 ./build/sun50iw1p1/debug/bl31/psci_helpers.o
                0x0000000000048ee8                psci_do_pwrdown_cache_maintenance
 .text.psci_do_pwrup_cache_maintenance
                0x0000000000048f5c       0x38 ./build/sun50iw1p1/debug/bl31/psci_helpers.o
                0x0000000000048f5c                psci_do_pwrup_cache_maintenance
 .text.asm_assert
                0x0000000000048f94       0x58 ./build/sun50iw1p1/debug/bl31/debug.o
                0x0000000000048f94                asm_assert
 .text.asm_print_str
                0x0000000000048fec       0x18 ./build/sun50iw1p1/debug/bl31/debug.o
                0x0000000000048fec                asm_print_str
 .text.asm_print_hex
                0x0000000000049004       0x30 ./build/sun50iw1p1/debug/bl31/debug.o
                0x0000000000049004                asm_print_hex
 .text.do_panic
                0x0000000000049034       0x3c ./build/sun50iw1p1/debug/bl31/debug.o
                0x0000000000049034                do_panic
 .text.flush_dcache_range
                0x0000000000049070       0x34 ./build/sun50iw1p1/debug/bl31/cache_helpers.o
                0x0000000000049070                flush_dcache_range
 .text.inv_dcache_range
                0x00000000000490a4       0x34 ./build/sun50iw1p1/debug/bl31/cache_helpers.o
                0x00000000000490a4                inv_dcache_range
 .text.do_dcsw_op
                0x00000000000490d8       0xe0 ./build/sun50iw1p1/debug/bl31/cache_helpers.o
 .text.dcsw_op_louis
                0x00000000000491b8       0x10 ./build/sun50iw1p1/debug/bl31/cache_helpers.o
                0x00000000000491b8                dcsw_op_louis
 .text.dcsw_op_all
                0x00000000000491c8       0x10 ./build/sun50iw1p1/debug/bl31/cache_helpers.o
                0x00000000000491c8                dcsw_op_all
 .text.get_afflvl_shift
                0x00000000000491d8       0x14 ./build/sun50iw1p1/debug/bl31/misc_helpers.o
                0x00000000000491d8                get_afflvl_shift
 .text.mpidr_mask_lower_afflvls
                0x00000000000491ec       0x1c ./build/sun50iw1p1/debug/bl31/misc_helpers.o
                0x00000000000491ec                mpidr_mask_lower_afflvls
 .text.zeromem16
                0x0000000000049208       0x40 ./build/sun50iw1p1/debug/bl31/misc_helpers.o
                0x0000000000049208                zeromem16
 .text.platform_get_core_pos
                0x0000000000049248       0x10 ./build/sun50iw1p1/debug/bl31/platform_helpers.o
                0x0000000000049248                platform_get_core_pos
 .text.plat_disable_acp
                0x0000000000049258        0x4 ./build/sun50iw1p1/debug/bl31/platform_helpers.o
                0x0000000000049258                plat_disable_acp
 *(.rodata*)
 .rodata.build_message
                0x000000000004925c       0x1e ./build/sun50iw1p1/debug/bl31/build_message.o
                0x000000000004925c                build_message
 .rodata.version_string
                0x000000000004927a       0x14 ./build/sun50iw1p1/debug/bl31/build_message.o
                0x000000000004927a                version_string
 .rodata.__func__.2154
                0x000000000004928e       0x12 ./build/sun50iw1p1/debug/bl31/arm_gic.o
 .rodata.__func__.2163
                0x00000000000492a0       0x17 ./build/sun50iw1p1/debug/bl31/arm_gic.o
 .rodata.__func__.2171
                0x00000000000492b7       0x14 ./build/sun50iw1p1/debug/bl31/arm_gic.o
 .rodata.__func__.2176
                0x00000000000492cb       0x19 ./build/sun50iw1p1/debug/bl31/arm_gic.o
 .rodata.__func__.2182
                0x00000000000492e4       0x1a ./build/sun50iw1p1/debug/bl31/arm_gic.o
 .rodata.__func__.2193
                0x00000000000492fe       0x15 ./build/sun50iw1p1/debug/bl31/arm_gic.o
 .rodata.__func__.2207
                0x0000000000049313        0xd ./build/sun50iw1p1/debug/bl31/arm_gic.o
 .rodata.__func__.2220
                0x0000000000049320       0x23 ./build/sun50iw1p1/debug/bl31/arm_gic.o
 .rodata.arm_gic_cpuif_setup.str1.1
                0x0000000000049343       0x32 ./build/sun50iw1p1/debug/bl31/arm_gic.o
 .rodata.arm_gic_init.str1.1
                0x0000000000049375       0x19 ./build/sun50iw1p1/debug/bl31/arm_gic.o
                                         0x2d (size before relaxing)
 .rodata.arm_gic_pcpu_distif_setup.str1.1
                0x000000000004938e       0x29 ./build/sun50iw1p1/debug/bl31/arm_gic.o
 .rodata.__func__.1510
                0x00000000000493b7       0x14 ./build/sun50iw1p1/debug/bl31/gic_v2.o
 .rodata.gicd_set_ipriorityr.str1.1
                0x00000000000493cb       0xc2 ./build/sun50iw1p1/debug/bl31/gic_v2.o
 .rodata.gicv3_get_rdist.str1.1
                0x000000000004948d       0x3e ./build/sun50iw1p1/debug/bl31/gic_v3.o
 .rodata.__func__.1991
                0x00000000000494cb       0x21 ./build/sun50iw1p1/debug/bl31/bl31_sunxi_setup.o
 .rodata.bl31_early_platform_setup.str1.1
                0x00000000000494ec       0x7c ./build/sun50iw1p1/debug/bl31/bl31_sunxi_setup.o
 .rodata.bl31_plat_get_next_image_ep_info.str1.1
                0x0000000000049568       0x4f ./build/sun50iw1p1/debug/bl31/bl31_sunxi_setup.o
 .rodata.bl31_platform_setup.str1.1
                0x00000000000495b7       0x8d ./build/sun50iw1p1/debug/bl31/bl31_sunxi_setup.o
 .rodata.__func__.2110
                0x0000000000049644       0x16 ./build/sun50iw1p1/debug/bl31/plat_pm.o
 .rodata.sunxi_do_plat_actions.str1.1
                0x000000000004965a       0x74 ./build/sun50iw1p1/debug/bl31/plat_pm.o
                                         0x8f (size before relaxing)
 *fill*         0x00000000000496ce        0x2 
 .rodata.sunxi_ops
                0x00000000000496d0       0x48 ./build/sun50iw1p1/debug/bl31/plat_pm.o
 .rodata.sunxi_system_off.str1.1
                0x0000000000049718       0x30 ./build/sun50iw1p1/debug/bl31/plat_pm.o
 .rodata.sunxi_system_reset.str1.1
                0x0000000000049748       0x35 ./build/sun50iw1p1/debug/bl31/plat_pm.o
 .rodata.sunxi_security_setup.str1.1
                0x000000000004977d       0x25 ./build/sun50iw1p1/debug/bl31/sunxi_security.o
 .rodata.sunxi_pmic_setup.str1.1
                0x00000000000497a2      0x252 ./build/sun50iw1p1/debug/bl31/sunxi_power.o
                                        0x255 (size before relaxing)
 .rodata.__func__.1326
                0x00000000000499f4       0x17 ./build/sun50iw1p1/debug/bl31/sunxi_sip_svc.o
 .rodata.str1.1
                0x0000000000049a0b        0xe ./build/sun50iw1p1/debug/bl31/sunxi_sip_svc.o
 .rodata.sunxi_plat_sip_handler.str1.1
                0x0000000000049a19       0x23 ./build/sun50iw1p1/debug/bl31/sunxi_sip_svc.o
 .rodata.sunxi_sip_svc_uid
                0x0000000000049a3c       0x10 ./build/sun50iw1p1/debug/bl31/sunxi_sip_svc.o
 *fill*         0x0000000000049a4c        0x4 
 .rodata.sunxi_mmap
                0x0000000000049a50       0x80 ./build/sun50iw1p1/debug/bl31/sunxi_common.o
                0x0000000000049a50                sunxi_mmap
 .rodata.__func__.2152
                0x0000000000049ad0       0x1e ./build/sun50iw1p1/debug/bl31/bl31_main.o
 .rodata.bl31_main.str1.1
                0x0000000000049aee       0x67 ./build/sun50iw1p1/debug/bl31/bl31_main.o
 .rodata.bl31_prepare_next_image_entry.str1.1
                0x0000000000049b55       0xc3 ./build/sun50iw1p1/debug/bl31/bl31_main.o
 .rodata.bl31_set_next_image_type.str1.1
                0x0000000000049c18       0x34 ./build/sun50iw1p1/debug/bl31/bl31_main.o
 .rodata.__func__.1937
                0x0000000000049c4c        0xf ./build/sun50iw1p1/debug/bl31/context_mgmt.o
 .rodata.__func__.2127
                0x0000000000049c5b       0x18 ./build/sun50iw1p1/debug/bl31/context_mgmt.o
 .rodata.__func__.2133
                0x0000000000049c73       0x18 ./build/sun50iw1p1/debug/bl31/context_mgmt.o
 .rodata.__func__.2138
                0x0000000000049c8b       0x14 ./build/sun50iw1p1/debug/bl31/context_mgmt.o
 .rodata.__func__.2149
                0x0000000000049c9f       0x10 ./build/sun50iw1p1/debug/bl31/context_mgmt.o
 .rodata.__func__.2157
                0x0000000000049caf       0x14 ./build/sun50iw1p1/debug/bl31/context_mgmt.o
 .rodata.cm_get_context.str1.1
                0x0000000000049cc3       0x39 ./build/sun50iw1p1/debug/bl31/context_mgmt.o
 .rodata.cm_get_context_by_mpidr.str1.1
                0x0000000000049cfc       0x23 ./build/sun50iw1p1/debug/bl31/context_mgmt.o
 .rodata.cm_init_context.str1.1
                0x0000000000049cfc        0x4 ./build/sun50iw1p1/debug/bl31/context_mgmt.o
 .rodata.cm_set_next_context.str1.1
                0x0000000000049d00       0x2b ./build/sun50iw1p1/debug/bl31/context_mgmt.o
 .rodata.runtime_svc_init.str1.1
                0x0000000000049d2b       0x67 ./build/sun50iw1p1/debug/bl31/runtime_svc.o
 .rodata.__func__.2068
                0x0000000000049d92       0x1f ./build/sun50iw1p1/debug/bl31/interrupt_mgmt.o
 .rodata.get_scr_el3_from_routing_model.str1.1
                0x0000000000049db1       0x16 ./build/sun50iw1p1/debug/bl31/interrupt_mgmt.o
                                         0x39 (size before relaxing)
 .rodata.__func__.1830
                0x0000000000049dc7       0x11 ./build/sun50iw1p1/debug/bl31/bakery_lock.o
 .rodata.__func__.1849
                0x0000000000049dd8       0x10 ./build/sun50iw1p1/debug/bl31/bakery_lock.o
 .rodata.__func__.1863
                0x0000000000049de8       0x14 ./build/sun50iw1p1/debug/bl31/bakery_lock.o
 .rodata.bakery_lock_get.str1.1
                0x0000000000049dfc       0x2e ./build/sun50iw1p1/debug/bl31/bakery_lock.o
 .rodata.bakery_lock_init.str1.1
                0x0000000000049e2a       0x26 ./build/sun50iw1p1/debug/bl31/bakery_lock.o
 .rodata.bakery_lock_release.str1.1
                0x0000000000049e50       0x14 ./build/sun50iw1p1/debug/bl31/bakery_lock.o
 .rodata.std_svc_smc_handler.str1.1
                0x0000000000049e64       0x35 ./build/sun50iw1p1/debug/bl31/std_svc_setup.o
 *fill*         0x0000000000049e99        0x3 
 .rodata.std_svc_uid
                0x0000000000049e9c       0x10 ./build/sun50iw1p1/debug/bl31/std_svc_setup.o
 .rodata.str1.1
                0x0000000000049eac        0x8 ./build/sun50iw1p1/debug/bl31/std_svc_setup.o
 .rodata.__func__.1933
                0x0000000000049eb4       0x11 ./build/sun50iw1p1/debug/bl31/psci_afflvl_off.o
 .rodata.__func__.1937
                0x0000000000049ec5       0x11 ./build/sun50iw1p1/debug/bl31/psci_afflvl_off.o
 .rodata.__func__.1941
                0x0000000000049ed6       0x11 ./build/sun50iw1p1/debug/bl31/psci_afflvl_off.o
 .rodata.__func__.1962
                0x0000000000049ee7       0x10 ./build/sun50iw1p1/debug/bl31/psci_afflvl_off.o
 .rodata.psci_afflvl0_off.str1.1
                0x0000000000049ef7       0x21 ./build/sun50iw1p1/debug/bl31/psci_afflvl_off.o
 .rodata.psci_afflvl1_off.str1.1
                0x0000000000049f18       0x25 ./build/sun50iw1p1/debug/bl31/psci_afflvl_off.o
 .rodata.psci_afflvl2_off.str1.1
                0x0000000000049f3d       0x4c ./build/sun50iw1p1/debug/bl31/psci_afflvl_off.o
 .rodata.psci_afflvl_off.str1.1
                0x0000000000049f89       0x4c ./build/sun50iw1p1/debug/bl31/psci_afflvl_off.o
                                         0x3e (size before relaxing)
 *fill*         0x0000000000049f89        0x7 
 .rodata.psci_afflvl_off_handlers
                0x0000000000049f90       0x18 ./build/sun50iw1p1/debug/bl31/psci_afflvl_off.o
 .rodata.__func__.2199
                0x0000000000049fa8       0x16 ./build/sun50iw1p1/debug/bl31/psci_afflvl_on.o
 .rodata.__func__.2210
                0x0000000000049fbe       0x10 ./build/sun50iw1p1/debug/bl31/psci_afflvl_on.o
 .rodata.__func__.2218
                0x0000000000049fce       0x10 ./build/sun50iw1p1/debug/bl31/psci_afflvl_on.o
 .rodata.__func__.2226
                0x0000000000049fde       0x10 ./build/sun50iw1p1/debug/bl31/psci_afflvl_on.o
 .rodata.__func__.2258
                0x0000000000049fee       0x17 ./build/sun50iw1p1/debug/bl31/psci_afflvl_on.o
 .rodata.__func__.2263
                0x000000000004a005       0x17 ./build/sun50iw1p1/debug/bl31/psci_afflvl_on.o
 .rodata.__func__.2268
                0x000000000004a01c       0x17 ./build/sun50iw1p1/debug/bl31/psci_afflvl_on.o
 .rodata.psci_afflvl0_on.str1.1
                0x000000000004a033       0x44 ./build/sun50iw1p1/debug/bl31/psci_afflvl_on.o
                                         0x65 (size before relaxing)
 .rodata.psci_afflvl0_on_finish.str1.1
                0x000000000004a077       0x44 ./build/sun50iw1p1/debug/bl31/psci_afflvl_on.o
                                         0x34 (size before relaxing)
 .rodata.psci_afflvl1_on.str1.1
                0x000000000004a077       0x25 ./build/sun50iw1p1/debug/bl31/psci_afflvl_on.o
 .rodata.psci_afflvl2_on.str1.1
                0x000000000004a077       0x24 ./build/sun50iw1p1/debug/bl31/psci_afflvl_on.o
 *fill*         0x000000000004a077        0x1 
 .rodata.psci_afflvl_on_finishers
                0x000000000004a078       0x18 ./build/sun50iw1p1/debug/bl31/psci_afflvl_on.o
                0x000000000004a078                psci_afflvl_on_finishers
 .rodata.psci_afflvl_on_handlers
                0x000000000004a090       0x18 ./build/sun50iw1p1/debug/bl31/psci_afflvl_on.o
 .rodata.__func__.2205
                0x000000000004a0a8       0x15 ./build/sun50iw1p1/debug/bl31/psci_afflvl_suspend.o
 .rodata.__func__.2214
                0x000000000004a0bd       0x15 ./build/sun50iw1p1/debug/bl31/psci_afflvl_suspend.o
 .rodata.__func__.2223
                0x000000000004a0d2       0x15 ./build/sun50iw1p1/debug/bl31/psci_afflvl_suspend.o
 .rodata.__func__.2250
                0x000000000004a0e7       0x14 ./build/sun50iw1p1/debug/bl31/psci_afflvl_suspend.o
 .rodata.__func__.2259
                0x000000000004a0fb       0x1c ./build/sun50iw1p1/debug/bl31/psci_afflvl_suspend.o
 .rodata.__func__.2265
                0x000000000004a117       0x1c ./build/sun50iw1p1/debug/bl31/psci_afflvl_suspend.o
 .rodata.__func__.2271
                0x000000000004a133       0x1c ./build/sun50iw1p1/debug/bl31/psci_afflvl_suspend.o
 .rodata.psci_afflvl0_suspend.str1.1
                0x000000000004a14f       0x21 ./build/sun50iw1p1/debug/bl31/psci_afflvl_suspend.o
 .rodata.psci_afflvl0_suspend_finish.str1.1
                0x000000000004a14f       0x3f ./build/sun50iw1p1/debug/bl31/psci_afflvl_suspend.o
 .rodata.psci_afflvl1_suspend_finish.str1.1
                0x000000000004a18e       0x25 ./build/sun50iw1p1/debug/bl31/psci_afflvl_suspend.o
 .rodata.psci_afflvl2_suspend_finish.str1.1
                0x000000000004a18e       0x2c ./build/sun50iw1p1/debug/bl31/psci_afflvl_suspend.o
                                         0x65 (size before relaxing)
 .rodata.psci_afflvl_suspend.str1.1
                0x000000000004a1ba       0x29 ./build/sun50iw1p1/debug/bl31/psci_afflvl_suspend.o
 *fill*         0x000000000004a1ba        0x6 
 .rodata.psci_afflvl_suspend_finishers
                0x000000000004a1c0       0x18 ./build/sun50iw1p1/debug/bl31/psci_afflvl_suspend.o
                0x000000000004a1c0                psci_afflvl_suspend_finishers
 .rodata.psci_afflvl_suspend_handlers
                0x000000000004a1d8       0x18 ./build/sun50iw1p1/debug/bl31/psci_afflvl_suspend.o
 .rodata.psci_set_state
                0x000000000004a1f0        0x4 ./build/sun50iw1p1/debug/bl31/psci_common.o
 .rodata.__func__.2232
                0x000000000004a1f4       0x1b ./build/sun50iw1p1/debug/bl31/psci_common.o
 .rodata.__func__.2237
                0x000000000004a20f        0xf ./build/sun50iw1p1/debug/bl31/psci_common.o
 .rodata.__func__.2244
                0x000000000004a21e       0x13 ./build/sun50iw1p1/debug/bl31/psci_common.o
 .rodata.__func__.2301
                0x000000000004a231        0xf ./build/sun50iw1p1/debug/bl31/psci_common.o
 .rodata.__func__.2306
                0x000000000004a240        0xf ./build/sun50iw1p1/debug/bl31/psci_common.o
 .rodata.__func__.2338
                0x000000000004a24f       0x1c ./build/sun50iw1p1/debug/bl31/psci_common.o
 .rodata.get_max_afflvl.str1.1
                0x000000000004a26b       0x5c ./build/sun50iw1p1/debug/bl31/psci_common.o
 .rodata.get_power_on_target_afflvl.str1.1
                0x000000000004a2c7       0x43 ./build/sun50iw1p1/debug/bl31/psci_common.o
 .rodata.mpidr_set_aff_inst.str1.1
                0x000000000004a30a       0x19 ./build/sun50iw1p1/debug/bl31/psci_common.o
 .rodata.psci_afflvl_power_on_finish.str1.1
                0x000000000004a323       0x29 ./build/sun50iw1p1/debug/bl31/psci_common.o
 .rodata.psci_get_state.str1.1
                0x000000000004a323       0x40 ./build/sun50iw1p1/debug/bl31/psci_common.o
 .rodata.psci_print_affinity_map.str1.1
                0x000000000004a363       0x51 ./build/sun50iw1p1/debug/bl31/psci_common.o
 .rodata.psci_set_state.str1.1
                0x000000000004a3b4        0x2 ./build/sun50iw1p1/debug/bl31/psci_common.o
 *fill*         0x000000000004a3b4        0x4 
 .rodata.psci_state_str.2347
                0x000000000004a3b8       0x20 ./build/sun50iw1p1/debug/bl31/psci_common.o
 .rodata.str1.1
                0x000000000004a3d8        0x3 ./build/sun50iw1p1/debug/bl31/psci_common.o
                                         0x1a (size before relaxing)
 *fill*         0x000000000004a3db        0x1 
 .rodata.psci_smc_handler
                0x000000000004a3dc       0x13 ./build/sun50iw1p1/debug/bl31/psci_main.o
 .rodata.__func__.1991
                0x000000000004a3ef       0x11 ./build/sun50iw1p1/debug/bl31/psci_main.o
 .rodata.__func__.1999
                0x000000000004a400        0xd ./build/sun50iw1p1/debug/bl31/psci_main.o
 .rodata.psci_cpu_off.str1.1
                0x000000000004a40d       0x14 ./build/sun50iw1p1/debug/bl31/psci_main.o
 .rodata.psci_cpu_suspend.str1.1
                0x000000000004a421       0x72 ./build/sun50iw1p1/debug/bl31/psci_main.o
 .rodata.psci_smc_handler.str1.1
                0x000000000004a493       0x29 ./build/sun50iw1p1/debug/bl31/psci_main.o
 .rodata.__func__.2181
                0x000000000004a4bc       0x17 ./build/sun50iw1p1/debug/bl31/psci_setup.o
 .rodata.__func__.2190
                0x000000000004a4d3       0x12 ./build/sun50iw1p1/debug/bl31/psci_setup.o
 .rodata.__func__.2205
                0x000000000004a4e5        0xb ./build/sun50iw1p1/debug/bl31/psci_setup.o
 .rodata.psci_init_aff_map.str1.1
                0x000000000004a4f0       0x66 ./build/sun50iw1p1/debug/bl31/psci_setup.o
 .rodata.psci_setup.str1.1
                0x000000000004a556       0x30 ./build/sun50iw1p1/debug/bl31/psci_setup.o
                                         0x35 (size before relaxing)
 .rodata.psci_system_off.str1.1
                0x000000000004a586       0x3c ./build/sun50iw1p1/debug/bl31/psci_system_off.o
 .rodata.psci_system_reset.str1.1
                0x000000000004a5c2       0x3e ./build/sun50iw1p1/debug/bl31/psci_system_off.o
 .rodata.tf_printf
                0x000000000004a600       0x17 ./build/sun50iw1p1/debug/bl31/tf_printf.o
 .rodata.__assert.str1.1
                0x000000000004a617       0x16 ./build/sun50iw1p1/debug/bl31/std.o
 .rodata.__func__.1779
                0x000000000004a62d       0x10 ./build/sun50iw1p1/debug/bl31/xlat_tables.o
 .rodata.__func__.1812
                0x000000000004a63d       0x13 ./build/sun50iw1p1/debug/bl31/xlat_tables.o
 .rodata.__func__.1822
                0x000000000004a650       0x1d ./build/sun50iw1p1/debug/bl31/xlat_tables.o
 .rodata.__func__.1826
                0x000000000004a66d       0x11 ./build/sun50iw1p1/debug/bl31/xlat_tables.o
 .rodata.__func__.1842
                0x000000000004a67e        0xf ./build/sun50iw1p1/debug/bl31/xlat_tables.o
 .rodata.enable_mmu_el3.str1.1
                0x000000000004a68d       0x32 ./build/sun50iw1p1/debug/bl31/xlat_tables.o
 .rodata.init_xlat_tables.str1.1
                0x000000000004a6bf       0x3e ./build/sun50iw1p1/debug/bl31/xlat_tables.o
 .rodata.init_xlation_table.str1.1
                0x000000000004a6fd       0x42 ./build/sun50iw1p1/debug/bl31/xlat_tables.o
 .rodata.mmap_add_region.str1.1
                0x000000000004a73f       0x5b ./build/sun50iw1p1/debug/bl31/xlat_tables.o
 .rodata.cortex_a53_regs
                0x000000000004a79a        0xe ./build/sun50iw1p1/debug/bl31/cortex_a53.o
 .rodata.gic_reg_name
                0x000000000004a7a8       0x63 ./build/sun50iw1p1/debug/bl31/crash_reporting.o
 .rodata.crash_prints
                0x000000000004a80b      0x2a8 ./build/sun50iw1p1/debug/bl31/crash_reporting.o
 .rodata.str1.1
                0x000000000004aab3       0x1f ./build/sun50iw1p1/debug/bl31/cpu_helpers.o
 .rodata.str1.1
                0x000000000004aad2       0x25 ./build/sun50iw1p1/debug/bl31/psci_helpers.o
 .rodata.assert_str
                0x000000000004aaf7       0x15 ./build/sun50iw1p1/debug/bl31/debug.o
 .rodata.panic_str
                0x000000000004ab0c       0x11 ./build/sun50iw1p1/debug/bl31/debug.o
 .rodata.str1.1
                0x000000000004ab1d       0x1b ./build/sun50iw1p1/debug/bl31/misc_helpers.o
                0x000000000004ab38                . = ALIGN (0x8)
                0x000000000004ab38                __RT_SVC_DESCS_START__ = .
 *(rt_svc_descs)
 rt_svc_descs   0x000000000004ab38       0x20 ./build/sun50iw1p1/debug/bl31/sunxi_sip_svc.o
 rt_svc_descs   0x000000000004ab58       0x20 ./build/sun50iw1p1/debug/bl31/std_svc_setup.o
                0x000000000004ab78                __RT_SVC_DESCS_END__ = .
                0x000000000004ab78                . = ALIGN (0x8)
                0x000000000004ab78                __CPU_OPS_START__ = .
 *(cpu_ops)
 cpu_ops        0x000000000004ab78       0x20 ./build/sun50iw1p1/debug/bl31/cortex_a53.o
                0x000000000004ab98                __CPU_OPS_END__ = .
 *(.vectors)
 *fill*         0x000000000004ab98      0x468 
 .vectors       0x000000000004b000      0x800 ./build/sun50iw1p1/debug/bl31/runtime_exceptions.o
                0x000000000004b000                runtime_exceptions
                0x000000000004b800                __RO_END_UNALIGNED__ = .
                0x000000000004c000                . = NEXT (0x1000)
 *fill*         0x000000000004b800      0x800 
                0x000000000004c000                __RO_END__ = .
                0x0000000000000001                ASSERT ((__CPU_OPS_END__ > __CPU_OPS_START__), cpu_ops not defined for this platform.)

.iplt           0x000000000004c000        0x0
 .iplt          0x000000000004c000        0x0 ./build/sun50iw1p1/debug/bl31/build_message.o

.rela.dyn       0x000000000004c000        0x0
 .rela.iplt     0x000000000004c000        0x0 ./build/sun50iw1p1/debug/bl31/build_message.o

.data           0x000000000004c000        0x8
                0x000000000004c000                __DATA_START__ = .
 *(.data*)
 .data.next_image_type
                0x000000000004c000        0x4 ./build/sun50iw1p1/debug/bl31/bl31_main.o
 .data.uart_locked
                0x000000000004c004        0x4 ./build/sun50iw1p1/debug/bl31/uart.o
                0x000000000004c004                uart_locked
                0x000000000004c008                __DATA_END__ = .
                0x0000000000000001                ASSERT ((. <= 0x4e000), BL3-1 progbits has exceeded its limit.)

.igot.plt       0x000000000004c008        0x0
 .igot.plt      0x000000000004c008        0x0 ./build/sun50iw1p1/debug/bl31/build_message.o

stacks          0x000000000004c040     0x1000
                0x000000000004c040                __STACKS_START__ = .
 *(tzfw_normal_stacks)
 tzfw_normal_stacks
                0x000000000004c040     0x1000 ./build/sun50iw1p1/debug/bl31/platform_mp_stack.o
                0x000000000004d040                __STACKS_END__ = .

.bss            0x000000000004d040      0xe58
                0x000000000004d040                __BSS_START__ = .
 *(.bss*)
 .bss.g_gicc_base
                0x000000000004d040        0x4 ./build/sun50iw1p1/debug/bl31/arm_gic.o
 .bss.g_gicd_base
                0x000000000004d044        0x4 ./build/sun50iw1p1/debug/bl31/arm_gic.o
 .bss.g_gicr_base
                0x000000000004d048        0x8 ./build/sun50iw1p1/debug/bl31/arm_gic.o
 .bss.g_irq_sec_ptr
                0x000000000004d050        0x8 ./build/sun50iw1p1/debug/bl31/arm_gic.o
 .bss.g_num_irqs
                0x000000000004d058        0x4 ./build/sun50iw1p1/debug/bl31/arm_gic.o
 *fill*         0x000000000004d05c        0x4 
 .bss.bl33_image_ep_info
                0x000000000004d060       0x58 ./build/sun50iw1p1/debug/bl31/bl31_sunxi_setup.o
 .bss.bl32_init
                0x000000000004d0b8        0x8 ./build/sun50iw1p1/debug/bl31/bl31_main.o
 .bss.rt_svc_descs
                0x000000000004d0c0        0x8 ./build/sun50iw1p1/debug/bl31/runtime_svc.o
 .bss.intr_type_descs
                0x000000000004d0c8       0x48 ./build/sun50iw1p1/debug/bl31/interrupt_mgmt.o
 .bss.psci_aff_limits
                0x000000000004d110       0x18 ./build/sun50iw1p1/debug/bl31/psci_setup.o
 *fill*         0x000000000004d128        0x8 
 .bss.psci_ns_context
                0x000000000004d130      0x840 ./build/sun50iw1p1/debug/bl31/psci_setup.o
 *fill*         0x000000000004d970       0x10 
 .bss.l1_xlation_table
                0x000000000004d980       0x20 ./build/sun50iw1p1/debug/bl31/xlat_tables.o
 .bss.max_pa    0x000000000004d9a0        0x8 ./build/sun50iw1p1/debug/bl31/xlat_tables.o
 .bss.max_va    0x000000000004d9a8        0x8 ./build/sun50iw1p1/debug/bl31/xlat_tables.o
 .bss.mmap      0x000000000004d9b0      0x220 ./build/sun50iw1p1/debug/bl31/xlat_tables.o
 .bss.next_xlat
                0x000000000004dbd0        0x4 ./build/sun50iw1p1/debug/bl31/xlat_tables.o
 *fill*         0x000000000004dbd4        0x4 
 .bss.tcr_ps_bits
                0x000000000004dbd8        0x8 ./build/sun50iw1p1/debug/bl31/xlat_tables.o
 *(COMMON)
 COMMON         0x000000000004dbe0       0x20 ./build/sun50iw1p1/debug/bl31/sunxi_common.o
                0x000000000004dbe0                plat_config
 COMMON         0x000000000004dc00      0x200 ./build/sun50iw1p1/debug/bl31/cpu_data_array.o
                0x000000000004dc00                percpu_data
 COMMON         0x000000000004de00       0x80 ./build/sun50iw1p1/debug/bl31/runtime_svc.o
                0x000000000004de00                rt_svc_descs_indices
 COMMON         0x000000000004de80       0x10 ./build/sun50iw1p1/debug/bl31/psci_common.o
                0x000000000004de80                psci_plat_pm_ops
                0x000000000004de88                psci_spd_pm
 COMMON         0x000000000004de90        0x8 ./build/sun50iw1p1/debug/bl31/uart.o
                0x000000000004de90                serial_ctrl_base
                0x000000000004de98                __BSS_END__ = .

xlat_table      0x000000000004e000     0x4000
 *(xlat_table)
 xlat_table     0x000000000004e000     0x4000 ./build/sun50iw1p1/debug/bl31/xlat_tables.o

coherent_ram    0x0000000000052000     0x1000
                0x0000000000052000                __COHERENT_RAM_START__ = .
 *(tzfw_coherent_mem)
 tzfw_coherent_mem
                0x0000000000052000       0x18 ./build/sun50iw1p1/debug/bl31/plat_pm.o
                0x0000000000052000                plat_console_lock
 tzfw_coherent_mem
                0x0000000000052018       0xc8 ./build/sun50iw1p1/debug/bl31/psci_common.o
                0x0000000000052018                psci_aff_map
                0x00000000000520e0                __COHERENT_RAM_END_UNALIGNED__ = .
                0x0000000000053000                . = NEXT (0x1000)
 *fill*         0x00000000000520e0      0xf20 
                0x0000000000053000                __COHERENT_RAM_END__ = .
                0x0000000000053000                __BL31_END__ = .
                0x0000000000000e58                __BSS_SIZE__ = SIZEOF (.bss)
                0x00000000000000e0                __COHERENT_RAM_UNALIGNED_SIZE__ = (__COHERENT_RAM_END_UNALIGNED__ - __COHERENT_RAM_START__)
                0x0000000000000001                ASSERT ((. <= 0x54000), BL3-1 image has exceeded its limit.)
LOAD ./build/sun50iw1p1/debug/bl31/build_message.o
LOAD ./build/sun50iw1p1/debug/bl31/arm_gic.o
LOAD ./build/sun50iw1p1/debug/bl31/gic_v2.o
LOAD ./build/sun50iw1p1/debug/bl31/gic_v3.o
LOAD ./build/sun50iw1p1/debug/bl31/plat_gic.o
LOAD ./build/sun50iw1p1/debug/bl31/bl31_sunxi_setup.o
LOAD ./build/sun50iw1p1/debug/bl31/plat_pm.o
LOAD ./build/sun50iw1p1/debug/bl31/sunxi_security.o
LOAD ./build/sun50iw1p1/debug/bl31/sunxi_power.o
LOAD ./build/sun50iw1p1/debug/bl31/sunxi_cpu_ops.o
LOAD ./build/sun50iw1p1/debug/bl31/plat_topology.o
LOAD ./build/sun50iw1p1/debug/bl31/sunxi_clocks.o
LOAD ./build/sun50iw1p1/debug/bl31/sunxi_sip_svc.o
LOAD ./build/sun50iw1p1/debug/bl31/sunxi_common.o
LOAD ./build/sun50iw1p1/debug/bl31/bl31_main.o
LOAD ./build/sun50iw1p1/debug/bl31/context_mgmt.o
LOAD ./build/sun50iw1p1/debug/bl31/cpu_data_array.o
LOAD ./build/sun50iw1p1/debug/bl31/runtime_svc.o
LOAD ./build/sun50iw1p1/debug/bl31/interrupt_mgmt.o
LOAD ./build/sun50iw1p1/debug/bl31/bl31_arch_setup.o
LOAD ./build/sun50iw1p1/debug/bl31/bakery_lock.o
LOAD ./build/sun50iw1p1/debug/bl31/std_svc_setup.o
LOAD ./build/sun50iw1p1/debug/bl31/psci_afflvl_off.o
LOAD ./build/sun50iw1p1/debug/bl31/psci_afflvl_on.o
LOAD ./build/sun50iw1p1/debug/bl31/psci_afflvl_suspend.o
LOAD ./build/sun50iw1p1/debug/bl31/psci_common.o
LOAD ./build/sun50iw1p1/debug/bl31/psci_main.o
LOAD ./build/sun50iw1p1/debug/bl31/psci_setup.o
LOAD ./build/sun50iw1p1/debug/bl31/psci_system_off.o
LOAD ./build/sun50iw1p1/debug/bl31/bl_common.o
LOAD ./build/sun50iw1p1/debug/bl31/tf_printf.o
LOAD ./build/sun50iw1p1/debug/bl31/xlat_helpers.o
LOAD ./build/sun50iw1p1/debug/bl31/std.o
LOAD ./build/sun50iw1p1/debug/bl31/xlat_tables.o
LOAD ./build/sun50iw1p1/debug/bl31/plat_common.o
LOAD ./build/sun50iw1p1/debug/bl31/uart.o
LOAD ./build/sun50iw1p1/debug/bl31/cortex_a53.o
LOAD ./build/sun50iw1p1/debug/bl31/platform_mp_stack.o
LOAD ./build/sun50iw1p1/debug/bl31/plat_helpers.o
LOAD ./build/sun50iw1p1/debug/bl31/bl31_entrypoint.o
LOAD ./build/sun50iw1p1/debug/bl31/context.o
LOAD ./build/sun50iw1p1/debug/bl31/cpu_data.o
LOAD ./build/sun50iw1p1/debug/bl31/runtime_exceptions.o
LOAD ./build/sun50iw1p1/debug/bl31/crash_reporting.o
LOAD ./build/sun50iw1p1/debug/bl31/cpu_helpers.o
LOAD ./build/sun50iw1p1/debug/bl31/spinlock.o
LOAD ./build/sun50iw1p1/debug/bl31/psci_entry.o
LOAD ./build/sun50iw1p1/debug/bl31/psci_helpers.o
LOAD ./build/sun50iw1p1/debug/bl31/debug.o
LOAD ./build/sun50iw1p1/debug/bl31/cache_helpers.o
LOAD ./build/sun50iw1p1/debug/bl31/misc_helpers.o
LOAD ./build/sun50iw1p1/debug/bl31/platform_helpers.o
OUTPUT(build/sun50iw1p1/debug/bl31/bl31.elf elf64-littleaarch64)

.debug_info     0x0000000000000000    0x1368e
 .debug_info    0x0000000000000000       0x81 ./build/sun50iw1p1/debug/bl31/build_message.o
 .debug_info    0x0000000000000081     0x1669 ./build/sun50iw1p1/debug/bl31/arm_gic.o
 .debug_info    0x00000000000016ea     0x13ad ./build/sun50iw1p1/debug/bl31/gic_v2.o
 .debug_info    0x0000000000002a97      0x1d5 ./build/sun50iw1p1/debug/bl31/gic_v3.o
 .debug_info    0x0000000000002c6c      0x23e ./build/sun50iw1p1/debug/bl31/plat_gic.o
 .debug_info    0x0000000000002eaa      0x6b1 ./build/sun50iw1p1/debug/bl31/bl31_sunxi_setup.o
 .debug_info    0x000000000000355b      0xcbf ./build/sun50iw1p1/debug/bl31/plat_pm.o
 .debug_info    0x000000000000421a      0x274 ./build/sun50iw1p1/debug/bl31/sunxi_security.o
 .debug_info    0x000000000000448e      0xebe ./build/sun50iw1p1/debug/bl31/sunxi_power.o
 .debug_info    0x000000000000534c      0xc8b ./build/sun50iw1p1/debug/bl31/sunxi_cpu_ops.o
 .debug_info    0x0000000000005fd7      0x129 ./build/sun50iw1p1/debug/bl31/plat_topology.o
 .debug_info    0x0000000000006100      0x504 ./build/sun50iw1p1/debug/bl31/sunxi_clocks.o
 .debug_info    0x0000000000006604      0x6b8 ./build/sun50iw1p1/debug/bl31/sunxi_sip_svc.o
 .debug_info    0x0000000000006cbc      0x732 ./build/sun50iw1p1/debug/bl31/sunxi_common.o
 .debug_info    0x00000000000073ee      0x6b4 ./build/sun50iw1p1/debug/bl31/bl31_main.o
 .debug_info    0x0000000000007aa2     0x12cd ./build/sun50iw1p1/debug/bl31/context_mgmt.o
 .debug_info    0x0000000000008d6f      0x14e ./build/sun50iw1p1/debug/bl31/cpu_data_array.o
 .debug_info    0x0000000000008ebd      0x32a ./build/sun50iw1p1/debug/bl31/runtime_svc.o
 .debug_info    0x00000000000091e7      0x51c ./build/sun50iw1p1/debug/bl31/interrupt_mgmt.o
 .debug_info    0x0000000000009703      0x162 ./build/sun50iw1p1/debug/bl31/bl31_arch_setup.o
 .debug_info    0x0000000000009865      0x505 ./build/sun50iw1p1/debug/bl31/bakery_lock.o
 .debug_info    0x0000000000009d6a      0x52f ./build/sun50iw1p1/debug/bl31/std_svc_setup.o
 .debug_info    0x000000000000a299      0xa89 ./build/sun50iw1p1/debug/bl31/psci_afflvl_off.o
 .debug_info    0x000000000000ad22     0x1062 ./build/sun50iw1p1/debug/bl31/psci_afflvl_on.o
 .debug_info    0x000000000000bd84     0x160d ./build/sun50iw1p1/debug/bl31/psci_afflvl_suspend.o
 .debug_info    0x000000000000d391     0x145d ./build/sun50iw1p1/debug/bl31/psci_common.o
 .debug_info    0x000000000000e7ee      0xbd9 ./build/sun50iw1p1/debug/bl31/psci_main.o
 .debug_info    0x000000000000f3c7      0xbd7 ./build/sun50iw1p1/debug/bl31/psci_setup.o
 .debug_info    0x000000000000ff9e      0x45c ./build/sun50iw1p1/debug/bl31/psci_system_off.o
 .debug_info    0x00000000000103fa      0x2b5 ./build/sun50iw1p1/debug/bl31/tf_printf.o
 .debug_info    0x00000000000106af     0x1313 ./build/sun50iw1p1/debug/bl31/std.o
 .debug_info    0x00000000000119c2      0xc86 ./build/sun50iw1p1/debug/bl31/xlat_tables.o
 .debug_info    0x0000000000012648      0x127 ./build/sun50iw1p1/debug/bl31/plat_common.o
 .debug_info    0x000000000001276f      0x651 ./build/sun50iw1p1/debug/bl31/uart.o
 .debug_info    0x0000000000012dc0       0x94 ./build/sun50iw1p1/debug/bl31/cortex_a53.o
 .debug_info    0x0000000000012e54       0x9e ./build/sun50iw1p1/debug/bl31/platform_mp_stack.o
 .debug_info    0x0000000000012ef2       0x9d ./build/sun50iw1p1/debug/bl31/plat_helpers.o
 .debug_info    0x0000000000012f8f       0xa1 ./build/sun50iw1p1/debug/bl31/bl31_entrypoint.o
 .debug_info    0x0000000000013030       0x8d ./build/sun50iw1p1/debug/bl31/context.o
 .debug_info    0x00000000000130bd       0x8e ./build/sun50iw1p1/debug/bl31/cpu_data.o
 .debug_info    0x000000000001314b       0x98 ./build/sun50iw1p1/debug/bl31/runtime_exceptions.o
 .debug_info    0x00000000000131e3       0x95 ./build/sun50iw1p1/debug/bl31/crash_reporting.o
 .debug_info    0x0000000000013278       0x95 ./build/sun50iw1p1/debug/bl31/cpu_helpers.o
 .debug_info    0x000000000001330d       0x99 ./build/sun50iw1p1/debug/bl31/psci_entry.o
 .debug_info    0x00000000000133a6       0x9b ./build/sun50iw1p1/debug/bl31/psci_helpers.o
 .debug_info    0x0000000000013441       0x8d ./build/sun50iw1p1/debug/bl31/debug.o
 .debug_info    0x00000000000134ce       0x92 ./build/sun50iw1p1/debug/bl31/cache_helpers.o
 .debug_info    0x0000000000013560       0x91 ./build/sun50iw1p1/debug/bl31/misc_helpers.o
 .debug_info    0x00000000000135f1       0x9d ./build/sun50iw1p1/debug/bl31/platform_helpers.o

.debug_abbrev   0x0000000000000000     0x462b
 .debug_abbrev  0x0000000000000000       0x43 ./build/sun50iw1p1/debug/bl31/build_message.o
 .debug_abbrev  0x0000000000000043      0x342 ./build/sun50iw1p1/debug/bl31/arm_gic.o
 .debug_abbrev  0x0000000000000385      0x2a6 ./build/sun50iw1p1/debug/bl31/gic_v2.o
 .debug_abbrev  0x000000000000062b       0xef ./build/sun50iw1p1/debug/bl31/gic_v3.o
 .debug_abbrev  0x000000000000071a       0xc4 ./build/sun50iw1p1/debug/bl31/plat_gic.o
 .debug_abbrev  0x00000000000007de      0x1d9 ./build/sun50iw1p1/debug/bl31/bl31_sunxi_setup.o
 .debug_abbrev  0x00000000000009b7      0x325 ./build/sun50iw1p1/debug/bl31/plat_pm.o
 .debug_abbrev  0x0000000000000cdc      0x115 ./build/sun50iw1p1/debug/bl31/sunxi_security.o
 .debug_abbrev  0x0000000000000df1      0x1e2 ./build/sun50iw1p1/debug/bl31/sunxi_power.o
 .debug_abbrev  0x0000000000000fd3      0x216 ./build/sun50iw1p1/debug/bl31/sunxi_cpu_ops.o
 .debug_abbrev  0x00000000000011e9       0xb0 ./build/sun50iw1p1/debug/bl31/plat_topology.o
 .debug_abbrev  0x0000000000001299      0x15d ./build/sun50iw1p1/debug/bl31/sunxi_clocks.o
 .debug_abbrev  0x00000000000013f6      0x227 ./build/sun50iw1p1/debug/bl31/sunxi_sip_svc.o
 .debug_abbrev  0x000000000000161d      0x228 ./build/sun50iw1p1/debug/bl31/sunxi_common.o
 .debug_abbrev  0x0000000000001845      0x25a ./build/sun50iw1p1/debug/bl31/bl31_main.o
 .debug_abbrev  0x0000000000001a9f      0x3e2 ./build/sun50iw1p1/debug/bl31/context_mgmt.o
 .debug_abbrev  0x0000000000001e81       0xa9 ./build/sun50iw1p1/debug/bl31/cpu_data_array.o
 .debug_abbrev  0x0000000000001f2a      0x189 ./build/sun50iw1p1/debug/bl31/runtime_svc.o
 .debug_abbrev  0x00000000000020b3      0x1fa ./build/sun50iw1p1/debug/bl31/interrupt_mgmt.o
 .debug_abbrev  0x00000000000022ad       0xfa ./build/sun50iw1p1/debug/bl31/bl31_arch_setup.o
 .debug_abbrev  0x00000000000023a7      0x1c8 ./build/sun50iw1p1/debug/bl31/bakery_lock.o
 .debug_abbrev  0x000000000000256f      0x1d8 ./build/sun50iw1p1/debug/bl31/std_svc_setup.o
 .debug_abbrev  0x0000000000002747      0x21b ./build/sun50iw1p1/debug/bl31/psci_afflvl_off.o
 .debug_abbrev  0x0000000000002962      0x328 ./build/sun50iw1p1/debug/bl31/psci_afflvl_on.o
 .debug_abbrev  0x0000000000002c8a      0x3ab ./build/sun50iw1p1/debug/bl31/psci_afflvl_suspend.o
 .debug_abbrev  0x0000000000003035      0x3c4 ./build/sun50iw1p1/debug/bl31/psci_common.o
 .debug_abbrev  0x00000000000033f9      0x322 ./build/sun50iw1p1/debug/bl31/psci_main.o
 .debug_abbrev  0x000000000000371b      0x2e6 ./build/sun50iw1p1/debug/bl31/psci_setup.o
 .debug_abbrev  0x0000000000003a01      0x103 ./build/sun50iw1p1/debug/bl31/psci_system_off.o
 .debug_abbrev  0x0000000000003b04      0x192 ./build/sun50iw1p1/debug/bl31/tf_printf.o
 .debug_abbrev  0x0000000000003c96      0x2e7 ./build/sun50iw1p1/debug/bl31/std.o
 .debug_abbrev  0x0000000000003f7d      0x312 ./build/sun50iw1p1/debug/bl31/xlat_tables.o
 .debug_abbrev  0x000000000000428f       0x8b ./build/sun50iw1p1/debug/bl31/plat_common.o
 .debug_abbrev  0x000000000000431a      0x201 ./build/sun50iw1p1/debug/bl31/uart.o
 .debug_abbrev  0x000000000000451b       0x12 ./build/sun50iw1p1/debug/bl31/cortex_a53.o
 .debug_abbrev  0x000000000000452d       0x12 ./build/sun50iw1p1/debug/bl31/platform_mp_stack.o
 .debug_abbrev  0x000000000000453f       0x12 ./build/sun50iw1p1/debug/bl31/plat_helpers.o
 .debug_abbrev  0x0000000000004551       0x14 ./build/sun50iw1p1/debug/bl31/bl31_entrypoint.o
 .debug_abbrev  0x0000000000004565       0x12 ./build/sun50iw1p1/debug/bl31/context.o
 .debug_abbrev  0x0000000000004577       0x12 ./build/sun50iw1p1/debug/bl31/cpu_data.o
 .debug_abbrev  0x0000000000004589       0x12 ./build/sun50iw1p1/debug/bl31/runtime_exceptions.o
 .debug_abbrev  0x000000000000459b       0x12 ./build/sun50iw1p1/debug/bl31/crash_reporting.o
 .debug_abbrev  0x00000000000045ad       0x12 ./build/sun50iw1p1/debug/bl31/cpu_helpers.o
 .debug_abbrev  0x00000000000045bf       0x12 ./build/sun50iw1p1/debug/bl31/psci_entry.o
 .debug_abbrev  0x00000000000045d1       0x12 ./build/sun50iw1p1/debug/bl31/psci_helpers.o
 .debug_abbrev  0x00000000000045e3       0x12 ./build/sun50iw1p1/debug/bl31/debug.o
 .debug_abbrev  0x00000000000045f5       0x12 ./build/sun50iw1p1/debug/bl31/cache_helpers.o
 .debug_abbrev  0x0000000000004607       0x12 ./build/sun50iw1p1/debug/bl31/misc_helpers.o
 .debug_abbrev  0x0000000000004619       0x12 ./build/sun50iw1p1/debug/bl31/platform_helpers.o

.debug_aranges  0x0000000000000000     0x17e0
 .debug_aranges
                0x0000000000000000       0x20 ./build/sun50iw1p1/debug/bl31/build_message.o
 .debug_aranges
                0x0000000000000020       0xd0 ./build/sun50iw1p1/debug/bl31/arm_gic.o
 .debug_aranges
                0x00000000000000f0      0x260 ./build/sun50iw1p1/debug/bl31/gic_v2.o
 .debug_aranges
                0x0000000000000350       0x30 ./build/sun50iw1p1/debug/bl31/gic_v3.o
 .debug_aranges
                0x0000000000000380       0x80 ./build/sun50iw1p1/debug/bl31/plat_gic.o
 .debug_aranges
                0x0000000000000400       0x60 ./build/sun50iw1p1/debug/bl31/bl31_sunxi_setup.o
 .debug_aranges
                0x0000000000000460       0xd0 ./build/sun50iw1p1/debug/bl31/plat_pm.o
 .debug_aranges
                0x0000000000000530       0x30 ./build/sun50iw1p1/debug/bl31/sunxi_security.o
 .debug_aranges
                0x0000000000000560       0x50 ./build/sun50iw1p1/debug/bl31/sunxi_power.o
 .debug_aranges
                0x00000000000005b0       0xa0 ./build/sun50iw1p1/debug/bl31/sunxi_cpu_ops.o
 .debug_aranges
                0x0000000000000650       0x60 ./build/sun50iw1p1/debug/bl31/plat_topology.o
 .debug_aranges
                0x00000000000006b0       0x30 ./build/sun50iw1p1/debug/bl31/sunxi_clocks.o
 .debug_aranges
                0x00000000000006e0       0x50 ./build/sun50iw1p1/debug/bl31/sunxi_sip_svc.o
 .debug_aranges
                0x0000000000000730       0x80 ./build/sun50iw1p1/debug/bl31/sunxi_common.o
 .debug_aranges
                0x00000000000007b0       0x80 ./build/sun50iw1p1/debug/bl31/bl31_main.o
 .debug_aranges
                0x0000000000000830      0x100 ./build/sun50iw1p1/debug/bl31/context_mgmt.o
 .debug_aranges
                0x0000000000000930       0x20 ./build/sun50iw1p1/debug/bl31/cpu_data_array.o
 .debug_aranges
                0x0000000000000950       0x30 ./build/sun50iw1p1/debug/bl31/runtime_svc.o
 .debug_aranges
                0x0000000000000980       0x70 ./build/sun50iw1p1/debug/bl31/interrupt_mgmt.o
 .debug_aranges
                0x00000000000009f0       0x30 ./build/sun50iw1p1/debug/bl31/bl31_arch_setup.o
 .debug_aranges
                0x0000000000000a20       0x50 ./build/sun50iw1p1/debug/bl31/bakery_lock.o
 .debug_aranges
                0x0000000000000a70       0x40 ./build/sun50iw1p1/debug/bl31/std_svc_setup.o
 .debug_aranges
                0x0000000000000ab0       0x60 ./build/sun50iw1p1/debug/bl31/psci_afflvl_off.o
 .debug_aranges
                0x0000000000000b10       0x90 ./build/sun50iw1p1/debug/bl31/psci_afflvl_on.o
 .debug_aranges
                0x0000000000000ba0       0xd0 ./build/sun50iw1p1/debug/bl31/psci_afflvl_suspend.o
 .debug_aranges
                0x0000000000000c70      0x140 ./build/sun50iw1p1/debug/bl31/psci_common.o
 .debug_aranges
                0x0000000000000db0       0xa0 ./build/sun50iw1p1/debug/bl31/psci_main.o
 .debug_aranges
                0x0000000000000e50       0x60 ./build/sun50iw1p1/debug/bl31/psci_setup.o
 .debug_aranges
                0x0000000000000eb0       0x40 ./build/sun50iw1p1/debug/bl31/psci_system_off.o
 .debug_aranges
                0x0000000000000ef0       0x40 ./build/sun50iw1p1/debug/bl31/tf_printf.o
 .debug_aranges
                0x0000000000000f30      0x170 ./build/sun50iw1p1/debug/bl31/std.o
 .debug_aranges
                0x00000000000010a0       0x80 ./build/sun50iw1p1/debug/bl31/xlat_tables.o
 .debug_aranges
                0x0000000000001120       0x40 ./build/sun50iw1p1/debug/bl31/plat_common.o
 .debug_aranges
                0x0000000000001160       0xb0 ./build/sun50iw1p1/debug/bl31/uart.o
 .debug_aranges
                0x0000000000001210       0x80 ./build/sun50iw1p1/debug/bl31/cortex_a53.o
 .debug_aranges
                0x0000000000001290       0x40 ./build/sun50iw1p1/debug/bl31/platform_mp_stack.o
 .debug_aranges
                0x00000000000012d0       0x60 ./build/sun50iw1p1/debug/bl31/plat_helpers.o
 .debug_aranges
                0x0000000000001330       0x30 ./build/sun50iw1p1/debug/bl31/bl31_entrypoint.o
 .debug_aranges
                0x0000000000001360       0x40 ./build/sun50iw1p1/debug/bl31/context.o
 .debug_aranges
                0x00000000000013a0       0x50 ./build/sun50iw1p1/debug/bl31/cpu_data.o
 .debug_aranges
                0x00000000000013f0       0x60 ./build/sun50iw1p1/debug/bl31/runtime_exceptions.o
 .debug_aranges
                0x0000000000001450       0xa0 ./build/sun50iw1p1/debug/bl31/crash_reporting.o
 .debug_aranges
                0x00000000000014f0       0x70 ./build/sun50iw1p1/debug/bl31/cpu_helpers.o
 .debug_aranges
                0x0000000000001560       0x40 ./build/sun50iw1p1/debug/bl31/psci_entry.o
 .debug_aranges
                0x00000000000015a0       0x40 ./build/sun50iw1p1/debug/bl31/psci_helpers.o
 .debug_aranges
                0x00000000000015e0       0x60 ./build/sun50iw1p1/debug/bl31/debug.o
 .debug_aranges
                0x0000000000001640       0x70 ./build/sun50iw1p1/debug/bl31/cache_helpers.o
 .debug_aranges
                0x00000000000016b0       0xa0 ./build/sun50iw1p1/debug/bl31/misc_helpers.o
 .debug_aranges
                0x0000000000001750       0x90 ./build/sun50iw1p1/debug/bl31/platform_helpers.o

.debug_line     0x0000000000000000     0x5a2f
 .debug_line    0x0000000000000000       0x28 ./build/sun50iw1p1/debug/bl31/build_message.o
 .debug_line    0x0000000000000028      0x519 ./build/sun50iw1p1/debug/bl31/arm_gic.o
 .debug_line    0x0000000000000541      0x54f ./build/sun50iw1p1/debug/bl31/gic_v2.o
 .debug_line    0x0000000000000a90      0x101 ./build/sun50iw1p1/debug/bl31/gic_v3.o
 .debug_line    0x0000000000000b91      0x115 ./build/sun50iw1p1/debug/bl31/plat_gic.o
 .debug_line    0x0000000000000ca6      0x1ec ./build/sun50iw1p1/debug/bl31/bl31_sunxi_setup.o
 .debug_line    0x0000000000000e92      0x33e ./build/sun50iw1p1/debug/bl31/plat_pm.o
 .debug_line    0x00000000000011d0      0x109 ./build/sun50iw1p1/debug/bl31/sunxi_security.o
 .debug_line    0x00000000000012d9      0x2aa ./build/sun50iw1p1/debug/bl31/sunxi_power.o
 .debug_line    0x0000000000001583      0x348 ./build/sun50iw1p1/debug/bl31/sunxi_cpu_ops.o
 .debug_line    0x00000000000018cb       0x93 ./build/sun50iw1p1/debug/bl31/plat_topology.o
 .debug_line    0x000000000000195e      0x139 ./build/sun50iw1p1/debug/bl31/sunxi_clocks.o
 .debug_line    0x0000000000001a97      0x137 ./build/sun50iw1p1/debug/bl31/sunxi_sip_svc.o
 .debug_line    0x0000000000001bce      0x1f0 ./build/sun50iw1p1/debug/bl31/sunxi_common.o
 .debug_line    0x0000000000001dbe      0x215 ./build/sun50iw1p1/debug/bl31/bl31_main.o
 .debug_line    0x0000000000001fd3      0x3be ./build/sun50iw1p1/debug/bl31/context_mgmt.o
 .debug_line    0x0000000000002391       0xb4 ./build/sun50iw1p1/debug/bl31/cpu_data_array.o
 .debug_line    0x0000000000002445      0x132 ./build/sun50iw1p1/debug/bl31/runtime_svc.o
 .debug_line    0x0000000000002577      0x1e8 ./build/sun50iw1p1/debug/bl31/interrupt_mgmt.o
 .debug_line    0x000000000000275f      0x11f ./build/sun50iw1p1/debug/bl31/bl31_arch_setup.o
 .debug_line    0x000000000000287e      0x1f9 ./build/sun50iw1p1/debug/bl31/bakery_lock.o
 .debug_line    0x0000000000002a77      0x134 ./build/sun50iw1p1/debug/bl31/std_svc_setup.o
 .debug_line    0x0000000000002bab      0x1fa ./build/sun50iw1p1/debug/bl31/psci_afflvl_off.o
 .debug_line    0x0000000000002da5      0x2e1 ./build/sun50iw1p1/debug/bl31/psci_afflvl_on.o
 .debug_line    0x0000000000003086      0x3fa ./build/sun50iw1p1/debug/bl31/psci_afflvl_suspend.o
 .debug_line    0x0000000000003480      0x464 ./build/sun50iw1p1/debug/bl31/psci_common.o
 .debug_line    0x00000000000038e4      0x2a8 ./build/sun50iw1p1/debug/bl31/psci_main.o
 .debug_line    0x0000000000003b8c      0x31f ./build/sun50iw1p1/debug/bl31/psci_setup.o
 .debug_line    0x0000000000003eab      0x13e ./build/sun50iw1p1/debug/bl31/psci_system_off.o
 .debug_line    0x0000000000003fe9      0x12f ./build/sun50iw1p1/debug/bl31/tf_printf.o
 .debug_line    0x0000000000004118      0x745 ./build/sun50iw1p1/debug/bl31/std.o
 .debug_line    0x000000000000485d      0x396 ./build/sun50iw1p1/debug/bl31/xlat_tables.o
 .debug_line    0x0000000000004bf3       0xd2 ./build/sun50iw1p1/debug/bl31/plat_common.o
 .debug_line    0x0000000000004cc5      0x215 ./build/sun50iw1p1/debug/bl31/uart.o
 .debug_line    0x0000000000004eda       0xcd ./build/sun50iw1p1/debug/bl31/cortex_a53.o
 .debug_line    0x0000000000004fa7       0x73 ./build/sun50iw1p1/debug/bl31/platform_mp_stack.o
 .debug_line    0x000000000000501a       0xa5 ./build/sun50iw1p1/debug/bl31/plat_helpers.o
 .debug_line    0x00000000000050bf       0x82 ./build/sun50iw1p1/debug/bl31/bl31_entrypoint.o
 .debug_line    0x0000000000005141       0xba ./build/sun50iw1p1/debug/bl31/context.o
 .debug_line    0x00000000000051fb       0x7c ./build/sun50iw1p1/debug/bl31/cpu_data.o
 .debug_line    0x0000000000005277      0x115 ./build/sun50iw1p1/debug/bl31/runtime_exceptions.o
 .debug_line    0x000000000000538c      0x158 ./build/sun50iw1p1/debug/bl31/crash_reporting.o
 .debug_line    0x00000000000054e4       0xca ./build/sun50iw1p1/debug/bl31/cpu_helpers.o
 .debug_line    0x00000000000055ae       0x88 ./build/sun50iw1p1/debug/bl31/psci_entry.o
 .debug_line    0x0000000000005636       0x96 ./build/sun50iw1p1/debug/bl31/psci_helpers.o
 .debug_line    0x00000000000056cc       0xb5 ./build/sun50iw1p1/debug/bl31/debug.o
 .debug_line    0x0000000000005781       0xd4 ./build/sun50iw1p1/debug/bl31/cache_helpers.o
 .debug_line    0x0000000000005855      0x104 ./build/sun50iw1p1/debug/bl31/misc_helpers.o
 .debug_line    0x0000000000005959       0xd6 ./build/sun50iw1p1/debug/bl31/platform_helpers.o

.debug_str      0x0000000000000000     0x2a17
 .debug_str     0x0000000000000000      0x119 ./build/sun50iw1p1/debug/bl31/build_message.o
                                        0x11e (size before relaxing)
 .debug_str     0x0000000000000119      0x47f ./build/sun50iw1p1/debug/bl31/arm_gic.o
                                        0x61f (size before relaxing)
 .debug_str     0x0000000000000598      0x280 ./build/sun50iw1p1/debug/bl31/gic_v2.o
                                        0x4f3 (size before relaxing)
 .debug_str     0x0000000000000818       0x5c ./build/sun50iw1p1/debug/bl31/gic_v3.o
                                        0x21f (size before relaxing)
 .debug_str     0x0000000000000874       0xc9 ./build/sun50iw1p1/debug/bl31/plat_gic.o
                                        0x301 (size before relaxing)
 .debug_str     0x000000000000093d      0x326 ./build/sun50iw1p1/debug/bl31/bl31_sunxi_setup.o
                                        0x554 (size before relaxing)
 .debug_str     0x0000000000000c63      0x271 ./build/sun50iw1p1/debug/bl31/plat_pm.o
                                        0x5e8 (size before relaxing)
 .debug_str     0x0000000000000ed4       0x61 ./build/sun50iw1p1/debug/bl31/sunxi_security.o
                                        0x260 (size before relaxing)
 .debug_str     0x0000000000000f35       0x58 ./build/sun50iw1p1/debug/bl31/sunxi_power.o
                                        0x307 (size before relaxing)
 .debug_str     0x0000000000000f8d       0xd4 ./build/sun50iw1p1/debug/bl31/sunxi_cpu_ops.o
                                        0x341 (size before relaxing)
 .debug_str     0x0000000000001061       0x62 ./build/sun50iw1p1/debug/bl31/plat_topology.o
                                        0x1d7 (size before relaxing)
 .debug_str     0x00000000000010c3       0x5d ./build/sun50iw1p1/debug/bl31/sunxi_clocks.o
                                        0x276 (size before relaxing)
 .debug_str     0x0000000000001120      0x1ea ./build/sun50iw1p1/debug/bl31/sunxi_sip_svc.o
                                        0x3fc (size before relaxing)
 .debug_str     0x000000000000130a      0x205 ./build/sun50iw1p1/debug/bl31/sunxi_common.o
                                        0x4eb (size before relaxing)
 .debug_str     0x000000000000150f       0xfa ./build/sun50iw1p1/debug/bl31/bl31_main.o
                                        0x456 (size before relaxing)
 .debug_str     0x0000000000001609      0x228 ./build/sun50iw1p1/debug/bl31/context_mgmt.o
                                        0x67d (size before relaxing)
 .debug_str     0x0000000000001831       0x22 ./build/sun50iw1p1/debug/bl31/cpu_data_array.o
                                        0x21b (size before relaxing)
 .debug_str     0x0000000000001853       0x73 ./build/sun50iw1p1/debug/bl31/runtime_svc.o
                                        0x2e1 (size before relaxing)
 .debug_str     0x00000000000018c6      0x104 ./build/sun50iw1p1/debug/bl31/interrupt_mgmt.o
                                        0x34f (size before relaxing)
 .debug_str     0x00000000000019ca       0x30 ./build/sun50iw1p1/debug/bl31/bl31_arch_setup.o
                                        0x1ef (size before relaxing)
 .debug_str     0x00000000000019fa       0x5c ./build/sun50iw1p1/debug/bl31/bakery_lock.o
                                        0x274 (size before relaxing)
 .debug_str     0x0000000000001a56       0x7e ./build/sun50iw1p1/debug/bl31/std_svc_setup.o
                                        0x3d0 (size before relaxing)
 .debug_str     0x0000000000001ad4      0x2ab ./build/sun50iw1p1/debug/bl31/psci_afflvl_off.o
                                        0x56b (size before relaxing)
 .debug_str     0x0000000000001d7f      0x1fb ./build/sun50iw1p1/debug/bl31/psci_afflvl_on.o
                                        0x6e0 (size before relaxing)
 .debug_str     0x0000000000001f7a      0x1c8 ./build/sun50iw1p1/debug/bl31/psci_afflvl_suspend.o
                                        0x89e (size before relaxing)
 .debug_str     0x0000000000002142      0x166 ./build/sun50iw1p1/debug/bl31/psci_common.o
                                        0x8ba (size before relaxing)
 .debug_str     0x00000000000022a8      0x111 ./build/sun50iw1p1/debug/bl31/psci_main.o
                                        0x662 (size before relaxing)
 .debug_str     0x00000000000023b9      0x10a ./build/sun50iw1p1/debug/bl31/psci_setup.o
                                        0x68b (size before relaxing)
 .debug_str     0x00000000000024c3       0x28 ./build/sun50iw1p1/debug/bl31/psci_system_off.o
                                        0x3c4 (size before relaxing)
 .debug_str     0x00000000000024eb       0x9b ./build/sun50iw1p1/debug/bl31/tf_printf.o
                                        0x22e (size before relaxing)
 .debug_str     0x0000000000002586      0x1ac ./build/sun50iw1p1/debug/bl31/std.o
                                        0x419 (size before relaxing)
 .debug_str     0x0000000000002732      0x1ca ./build/sun50iw1p1/debug/bl31/xlat_tables.o
                                        0x469 (size before relaxing)
 .debug_str     0x00000000000028fc       0x4c ./build/sun50iw1p1/debug/bl31/plat_common.o
                                        0x1df (size before relaxing)
 .debug_str     0x0000000000002948       0xcf ./build/sun50iw1p1/debug/bl31/uart.o
                                        0x2ac (size before relaxing)

.comment        0x0000000000000000       0x2d
 .comment       0x0000000000000000       0x2d ./build/sun50iw1p1/debug/bl31/build_message.o
                                         0x2e (size before relaxing)
 .comment       0x000000000000002d       0x2e ./build/sun50iw1p1/debug/bl31/arm_gic.o
 .comment       0x000000000000002d       0x2e ./build/sun50iw1p1/debug/bl31/gic_v2.o
 .comment       0x000000000000002d       0x2e ./build/sun50iw1p1/debug/bl31/gic_v3.o
 .comment       0x000000000000002d       0x2e ./build/sun50iw1p1/debug/bl31/plat_gic.o
 .comment       0x000000000000002d       0x2e ./build/sun50iw1p1/debug/bl31/bl31_sunxi_setup.o
 .comment       0x000000000000002d       0x2e ./build/sun50iw1p1/debug/bl31/plat_pm.o
 .comment       0x000000000000002d       0x2e ./build/sun50iw1p1/debug/bl31/sunxi_security.o
 .comment       0x000000000000002d       0x2e ./build/sun50iw1p1/debug/bl31/sunxi_power.o
 .comment       0x000000000000002d       0x2e ./build/sun50iw1p1/debug/bl31/sunxi_cpu_ops.o
 .comment       0x000000000000002d       0x2e ./build/sun50iw1p1/debug/bl31/plat_topology.o
 .comment       0x000000000000002d       0x2e ./build/sun50iw1p1/debug/bl31/sunxi_clocks.o
 .comment       0x000000000000002d       0x2e ./build/sun50iw1p1/debug/bl31/sunxi_sip_svc.o
 .comment       0x000000000000002d       0x2e ./build/sun50iw1p1/debug/bl31/sunxi_common.o
 .comment       0x000000000000002d       0x2e ./build/sun50iw1p1/debug/bl31/bl31_main.o
 .comment       0x000000000000002d       0x2e ./build/sun50iw1p1/debug/bl31/context_mgmt.o
 .comment       0x000000000000002d       0x2e ./build/sun50iw1p1/debug/bl31/cpu_data_array.o
 .comment       0x000000000000002d       0x2e ./build/sun50iw1p1/debug/bl31/runtime_svc.o
 .comment       0x000000000000002d       0x2e ./build/sun50iw1p1/debug/bl31/interrupt_mgmt.o
 .comment       0x000000000000002d       0x2e ./build/sun50iw1p1/debug/bl31/bl31_arch_setup.o
 .comment       0x000000000000002d       0x2e ./build/sun50iw1p1/debug/bl31/bakery_lock.o
 .comment       0x000000000000002d       0x2e ./build/sun50iw1p1/debug/bl31/std_svc_setup.o
 .comment       0x000000000000002d       0x2e ./build/sun50iw1p1/debug/bl31/psci_afflvl_off.o
 .comment       0x000000000000002d       0x2e ./build/sun50iw1p1/debug/bl31/psci_afflvl_on.o
 .comment       0x000000000000002d       0x2e ./build/sun50iw1p1/debug/bl31/psci_afflvl_suspend.o
 .comment       0x000000000000002d       0x2e ./build/sun50iw1p1/debug/bl31/psci_common.o
 .comment       0x000000000000002d       0x2e ./build/sun50iw1p1/debug/bl31/psci_main.o
 .comment       0x000000000000002d       0x2e ./build/sun50iw1p1/debug/bl31/psci_setup.o
 .comment       0x000000000000002d       0x2e ./build/sun50iw1p1/debug/bl31/psci_system_off.o
 .comment       0x000000000000002d       0x2e ./build/sun50iw1p1/debug/bl31/tf_printf.o
 .comment       0x000000000000002d       0x2e ./build/sun50iw1p1/debug/bl31/std.o
 .comment       0x000000000000002d       0x2e ./build/sun50iw1p1/debug/bl31/xlat_tables.o
 .comment       0x000000000000002d       0x2e ./build/sun50iw1p1/debug/bl31/plat_common.o
 .comment       0x000000000000002d       0x2e ./build/sun50iw1p1/debug/bl31/uart.o

.note.GNU-stack
                0x0000000000000000        0x0
 .note.GNU-stack
                0x0000000000000000        0x0 ./build/sun50iw1p1/debug/bl31/build_message.o
 .note.GNU-stack
                0x0000000000000000        0x0 ./build/sun50iw1p1/debug/bl31/arm_gic.o
 .note.GNU-stack
                0x0000000000000000        0x0 ./build/sun50iw1p1/debug/bl31/gic_v2.o
 .note.GNU-stack
                0x0000000000000000        0x0 ./build/sun50iw1p1/debug/bl31/gic_v3.o
 .note.GNU-stack
                0x0000000000000000        0x0 ./build/sun50iw1p1/debug/bl31/plat_gic.o
 .note.GNU-stack
                0x0000000000000000        0x0 ./build/sun50iw1p1/debug/bl31/bl31_sunxi_setup.o
 .note.GNU-stack
                0x0000000000000000        0x0 ./build/sun50iw1p1/debug/bl31/plat_pm.o
 .note.GNU-stack
                0x0000000000000000        0x0 ./build/sun50iw1p1/debug/bl31/sunxi_security.o
 .note.GNU-stack
                0x0000000000000000        0x0 ./build/sun50iw1p1/debug/bl31/sunxi_power.o
 .note.GNU-stack
                0x0000000000000000        0x0 ./build/sun50iw1p1/debug/bl31/sunxi_cpu_ops.o
 .note.GNU-stack
                0x0000000000000000        0x0 ./build/sun50iw1p1/debug/bl31/plat_topology.o
 .note.GNU-stack
                0x0000000000000000        0x0 ./build/sun50iw1p1/debug/bl31/sunxi_clocks.o
 .note.GNU-stack
                0x0000000000000000        0x0 ./build/sun50iw1p1/debug/bl31/sunxi_sip_svc.o
 .note.GNU-stack
                0x0000000000000000        0x0 ./build/sun50iw1p1/debug/bl31/sunxi_common.o
 .note.GNU-stack
                0x0000000000000000        0x0 ./build/sun50iw1p1/debug/bl31/bl31_main.o
 .note.GNU-stack
                0x0000000000000000        0x0 ./build/sun50iw1p1/debug/bl31/context_mgmt.o
 .note.GNU-stack
                0x0000000000000000        0x0 ./build/sun50iw1p1/debug/bl31/cpu_data_array.o
 .note.GNU-stack
                0x0000000000000000        0x0 ./build/sun50iw1p1/debug/bl31/runtime_svc.o
 .note.GNU-stack
                0x0000000000000000        0x0 ./build/sun50iw1p1/debug/bl31/interrupt_mgmt.o
 .note.GNU-stack
                0x0000000000000000        0x0 ./build/sun50iw1p1/debug/bl31/bl31_arch_setup.o
 .note.GNU-stack
                0x0000000000000000        0x0 ./build/sun50iw1p1/debug/bl31/bakery_lock.o
 .note.GNU-stack
                0x0000000000000000        0x0 ./build/sun50iw1p1/debug/bl31/std_svc_setup.o
 .note.GNU-stack
                0x0000000000000000        0x0 ./build/sun50iw1p1/debug/bl31/psci_afflvl_off.o
 .note.GNU-stack
                0x0000000000000000        0x0 ./build/sun50iw1p1/debug/bl31/psci_afflvl_on.o
 .note.GNU-stack
                0x0000000000000000        0x0 ./build/sun50iw1p1/debug/bl31/psci_afflvl_suspend.o
 .note.GNU-stack
                0x0000000000000000        0x0 ./build/sun50iw1p1/debug/bl31/psci_common.o
 .note.GNU-stack
                0x0000000000000000        0x0 ./build/sun50iw1p1/debug/bl31/psci_main.o
 .note.GNU-stack
                0x0000000000000000        0x0 ./build/sun50iw1p1/debug/bl31/psci_setup.o
 .note.GNU-stack
                0x0000000000000000        0x0 ./build/sun50iw1p1/debug/bl31/psci_system_off.o
 .note.GNU-stack
                0x0000000000000000        0x0 ./build/sun50iw1p1/debug/bl31/tf_printf.o
 .note.GNU-stack
                0x0000000000000000        0x0 ./build/sun50iw1p1/debug/bl31/std.o
 .note.GNU-stack
                0x0000000000000000        0x0 ./build/sun50iw1p1/debug/bl31/xlat_tables.o
 .note.GNU-stack
                0x0000000000000000        0x0 ./build/sun50iw1p1/debug/bl31/plat_common.o
 .note.GNU-stack
                0x0000000000000000        0x0 ./build/sun50iw1p1/debug/bl31/uart.o

.debug_loc      0x0000000000000000    0x174a5
 .debug_loc     0x0000000000000000      0xf4e ./build/sun50iw1p1/debug/bl31/arm_gic.o
 .debug_loc     0x0000000000000f4e     0x2e6b ./build/sun50iw1p1/debug/bl31/gic_v2.o
 .debug_loc     0x0000000000003db9      0x1ca ./build/sun50iw1p1/debug/bl31/gic_v3.o
 .debug_loc     0x0000000000003f83       0xe4 ./build/sun50iw1p1/debug/bl31/plat_gic.o
 .debug_loc     0x0000000000004067      0x29e ./build/sun50iw1p1/debug/bl31/bl31_sunxi_setup.o
 .debug_loc     0x0000000000004305      0xcf0 ./build/sun50iw1p1/debug/bl31/plat_pm.o
 .debug_loc     0x0000000000004ff5      0x246 ./build/sun50iw1p1/debug/bl31/sunxi_security.o
 .debug_loc     0x000000000000523b      0xc25 ./build/sun50iw1p1/debug/bl31/sunxi_power.o
 .debug_loc     0x0000000000005e60     0x11ab ./build/sun50iw1p1/debug/bl31/sunxi_cpu_ops.o
 .debug_loc     0x000000000000700b       0x72 ./build/sun50iw1p1/debug/bl31/plat_topology.o
 .debug_loc     0x000000000000707d      0x486 ./build/sun50iw1p1/debug/bl31/sunxi_clocks.o
 .debug_loc     0x0000000000007503      0x816 ./build/sun50iw1p1/debug/bl31/sunxi_sip_svc.o
 .debug_loc     0x0000000000007d19      0x416 ./build/sun50iw1p1/debug/bl31/sunxi_common.o
 .debug_loc     0x000000000000812f       0x95 ./build/sun50iw1p1/debug/bl31/bl31_main.o
 .debug_loc     0x00000000000081c4      0xdeb ./build/sun50iw1p1/debug/bl31/context_mgmt.o
 .debug_loc     0x0000000000008faf      0x16f ./build/sun50iw1p1/debug/bl31/runtime_svc.o
 .debug_loc     0x000000000000911e      0x722 ./build/sun50iw1p1/debug/bl31/interrupt_mgmt.o
 .debug_loc     0x0000000000009840       0x48 ./build/sun50iw1p1/debug/bl31/bl31_arch_setup.o
 .debug_loc     0x0000000000009888      0x3b5 ./build/sun50iw1p1/debug/bl31/bakery_lock.o
 .debug_loc     0x0000000000009c3d      0x6b1 ./build/sun50iw1p1/debug/bl31/std_svc_setup.o
 .debug_loc     0x000000000000a2ee      0x495 ./build/sun50iw1p1/debug/bl31/psci_afflvl_off.o
 .debug_loc     0x000000000000a783     0x124b ./build/sun50iw1p1/debug/bl31/psci_afflvl_on.o
 .debug_loc     0x000000000000b9ce     0x131b ./build/sun50iw1p1/debug/bl31/psci_afflvl_suspend.o
 .debug_loc     0x000000000000cce9     0x1258 ./build/sun50iw1p1/debug/bl31/psci_common.o
 .debug_loc     0x000000000000df41     0x1034 ./build/sun50iw1p1/debug/bl31/psci_main.o
 .debug_loc     0x000000000000ef75      0xad6 ./build/sun50iw1p1/debug/bl31/psci_setup.o
 .debug_loc     0x000000000000fa4b      0x43f ./build/sun50iw1p1/debug/bl31/tf_printf.o
 .debug_loc     0x000000000000fe8a     0x5ea4 ./build/sun50iw1p1/debug/bl31/std.o
 .debug_loc     0x0000000000015d2e     0x10c4 ./build/sun50iw1p1/debug/bl31/xlat_tables.o
 .debug_loc     0x0000000000016df2       0x72 ./build/sun50iw1p1/debug/bl31/plat_common.o
 .debug_loc     0x0000000000016e64      0x641 ./build/sun50iw1p1/debug/bl31/uart.o

.debug_ranges   0x0000000000000000     0x2840
 .debug_ranges  0x0000000000000000      0x320 ./build/sun50iw1p1/debug/bl31/arm_gic.o